 Container http-testbed-k6-http3-run-ac6dedeecade Creating 
 Container http-testbed-k6-http3-run-ac6dedeecade Created 

          /\      |‾‾| /‾‾/   /‾‾/   
     /\  /  \     |  |/  /   /  /    
    /  \/    \    |     (   /   ‾‾\  
   /          \   |  |\  \ |  (‾)  | 
  / __________ \  |__| \__\ \_____/ .io

  execution: local
     script: /scripts/script.js
     output: Prometheus remote write (http://prometheus:9090/api/v1/write)

  scenarios: (100.00%) 1 scenario, 20 max VUs, 1m22s max duration (incl. graceful stop):
           * S3: Up to 20 looping VUs for 1m20s over 3 stages (gracefulRampDown: 2s, gracefulStop: 30s)


running (0m01.0s), 01/20 VUs, 2 complete and 0 interrupted iterations
S3     [   1% ] 01/20 VUs  0m01.0s/1m20.0s

running (0m02.0s), 04/20 VUs, 20 complete and 0 interrupted iterations
S3     [   3% ] 04/20 VUs  0m02.0s/1m20.0s

running (0m03.0s), 06/20 VUs, 50 complete and 0 interrupted iterations
S3     [   4% ] 06/20 VUs  0m03.0s/1m20.0s

running (0m04.0s), 08/20 VUs, 96 complete and 0 interrupted iterations
S3     [   5% ] 08/20 VUs  0m04.0s/1m20.0s

running (0m05.0s), 10/20 VUs, 156 complete and 0 interrupted iterations
S3     [   6% ] 10/20 VUs  0m05.0s/1m20.0s

running (0m06.0s), 12/20 VUs, 233 complete and 0 interrupted iterations
S3     [   8% ] 12/20 VUs  0m06.0s/1m20.0s

running (0m07.0s), 14/20 VUs, 323 complete and 0 interrupted iterations
S3     [   9% ] 14/20 VUs  0m07.0s/1m20.0s

running (0m08.0s), 16/20 VUs, 423 complete and 0 interrupted iterations
S3     [  10% ] 16/20 VUs  0m08.0s/1m20.0s

running (0m09.0s), 17/20 VUs, 539 complete and 0 interrupted iterations
S3     [  11% ] 17/20 VUs  0m09.0s/1m20.0s

running (0m10.0s), 20/20 VUs, 664 complete and 0 interrupted iterations
S3     [  13% ] 20/20 VUs  0m10.0s/1m20.0s

running (0m11.0s), 20/20 VUs, 802 complete and 0 interrupted iterations
S3     [  14% ] 20/20 VUs  0m11.0s/1m20.0s

running (0m12.0s), 20/20 VUs, 940 complete and 0 interrupted iterations
S3     [  15% ] 20/20 VUs  0m12.0s/1m20.0s

running (0m13.0s), 20/20 VUs, 1073 complete and 0 interrupted iterations
S3     [  16% ] 20/20 VUs  0m13.0s/1m20.0s

running (0m14.0s), 20/20 VUs, 1211 complete and 0 interrupted iterations
S3     [  18% ] 20/20 VUs  0m14.0s/1m20.0s

running (0m15.0s), 20/20 VUs, 1351 complete and 0 interrupted iterations
S3     [  19% ] 20/20 VUs  0m15.0s/1m20.0s

running (0m16.0s), 20/20 VUs, 1489 complete and 0 interrupted iterations
S3     [  20% ] 20/20 VUs  0m16.0s/1m20.0s

running (0m17.0s), 20/20 VUs, 1623 complete and 0 interrupted iterations
S3     [  21% ] 20/20 VUs  0m17.0s/1m20.0s

running (0m18.0s), 20/20 VUs, 1761 complete and 0 interrupted iterations
S3     [  23% ] 20/20 VUs  0m18.0s/1m20.0s

running (0m19.0s), 20/20 VUs, 1893 complete and 0 interrupted iterations
S3     [  24% ] 20/20 VUs  0m19.0s/1m20.0s

running (0m20.0s), 20/20 VUs, 2031 complete and 0 interrupted iterations
S3     [  25% ] 20/20 VUs  0m20.0s/1m20.0s

running (0m21.0s), 20/20 VUs, 2169 complete and 0 interrupted iterations
S3     [  26% ] 20/20 VUs  0m21.0s/1m20.0s

running (0m22.0s), 20/20 VUs, 2304 complete and 0 interrupted iterations
S3     [  28% ] 20/20 VUs  0m22.0s/1m20.0s

running (0m23.0s), 20/20 VUs, 2439 complete and 0 interrupted iterations
S3     [  29% ] 20/20 VUs  0m23.0s/1m20.0s

running (0m24.0s), 20/20 VUs, 2578 complete and 0 interrupted iterations
S3     [  30% ] 20/20 VUs  0m24.0s/1m20.0s

running (0m25.0s), 20/20 VUs, 2718 complete and 0 interrupted iterations
S3     [  31% ] 20/20 VUs  0m25.0s/1m20.0s

running (0m26.0s), 20/20 VUs, 2854 complete and 0 interrupted iterations
S3     [  33% ] 20/20 VUs  0m26.0s/1m20.0s

running (0m27.0s), 20/20 VUs, 2987 complete and 0 interrupted iterations
S3     [  34% ] 20/20 VUs  0m27.0s/1m20.0s

running (0m28.0s), 20/20 VUs, 3125 complete and 0 interrupted iterations
S3     [  35% ] 20/20 VUs  0m28.0s/1m20.0s

running (0m29.0s), 20/20 VUs, 3260 complete and 0 interrupted iterations
S3     [  36% ] 20/20 VUs  0m29.0s/1m20.0s

running (0m30.0s), 20/20 VUs, 3399 complete and 0 interrupted iterations
S3     [  38% ] 20/20 VUs  0m30.0s/1m20.0s

running (0m31.0s), 20/20 VUs, 3534 complete and 0 interrupted iterations
S3     [  39% ] 20/20 VUs  0m31.0s/1m20.0s

running (0m32.0s), 20/20 VUs, 3671 complete and 0 interrupted iterations
S3     [  40% ] 20/20 VUs  0m32.0s/1m20.0s

running (0m33.0s), 20/20 VUs, 3803 complete and 0 interrupted iterations
S3     [  41% ] 20/20 VUs  0m33.0s/1m20.0s

running (0m34.0s), 20/20 VUs, 3939 complete and 0 interrupted iterations
S3     [  43% ] 20/20 VUs  0m34.0s/1m20.0s

running (0m35.0s), 20/20 VUs, 4075 complete and 0 interrupted iterations
S3     [  44% ] 20/20 VUs  0m35.0s/1m20.0s

running (0m36.0s), 20/20 VUs, 4213 complete and 0 interrupted iterations
S3     [  45% ] 20/20 VUs  0m36.0s/1m20.0s

running (0m37.0s), 20/20 VUs, 4352 complete and 0 interrupted iterations
S3     [  46% ] 20/20 VUs  0m37.0s/1m20.0s

running (0m38.0s), 20/20 VUs, 4488 complete and 0 interrupted iterations
S3     [  48% ] 20/20 VUs  0m38.0s/1m20.0s

running (0m39.0s), 20/20 VUs, 4622 complete and 0 interrupted iterations
S3     [  49% ] 20/20 VUs  0m39.0s/1m20.0s

running (0m40.0s), 20/20 VUs, 4757 complete and 0 interrupted iterations
S3     [  50% ] 20/20 VUs  0m40.0s/1m20.0s

running (0m41.0s), 20/20 VUs, 4895 complete and 0 interrupted iterations
S3     [  51% ] 20/20 VUs  0m41.0s/1m20.0s

running (0m42.0s), 20/20 VUs, 5034 complete and 0 interrupted iterations
S3     [  53% ] 20/20 VUs  0m42.0s/1m20.0s

running (0m43.0s), 20/20 VUs, 5169 complete and 0 interrupted iterations
S3     [  54% ] 20/20 VUs  0m43.0s/1m20.0s

running (0m44.0s), 20/20 VUs, 5299 complete and 0 interrupted iterations
S3     [  55% ] 20/20 VUs  0m44.0s/1m20.0s

running (0m45.0s), 20/20 VUs, 5439 complete and 0 interrupted iterations
S3     [  56% ] 20/20 VUs  0m45.0s/1m20.0s

running (0m46.0s), 20/20 VUs, 5572 complete and 0 interrupted iterations
S3     [  58% ] 20/20 VUs  0m46.0s/1m20.0s

running (0m47.0s), 20/20 VUs, 5707 complete and 0 interrupted iterations
S3     [  59% ] 20/20 VUs  0m47.0s/1m20.0s

running (0m48.0s), 20/20 VUs, 5847 complete and 0 interrupted iterations
S3     [  60% ] 20/20 VUs  0m48.0s/1m20.0s

running (0m49.0s), 20/20 VUs, 5978 complete and 0 interrupted iterations
S3     [  61% ] 20/20 VUs  0m49.0s/1m20.0s

running (0m50.0s), 20/20 VUs, 6117 complete and 0 interrupted iterations
S3     [  63% ] 20/20 VUs  0m50.0s/1m20.0s

running (0m51.0s), 20/20 VUs, 6252 complete and 0 interrupted iterations
S3     [  64% ] 20/20 VUs  0m51.0s/1m20.0s

running (0m52.0s), 20/20 VUs, 6392 complete and 0 interrupted iterations
S3     [  65% ] 20/20 VUs  0m52.0s/1m20.0s

running (0m53.0s), 20/20 VUs, 6528 complete and 0 interrupted iterations
S3     [  66% ] 20/20 VUs  0m53.0s/1m20.0s

running (0m54.0s), 20/20 VUs, 6665 complete and 0 interrupted iterations
S3     [  68% ] 20/20 VUs  0m54.0s/1m20.0s

running (0m55.0s), 20/20 VUs, 6803 complete and 0 interrupted iterations
S3     [  69% ] 20/20 VUs  0m55.0s/1m20.0s

running (0m56.0s), 20/20 VUs, 6942 complete and 0 interrupted iterations
S3     [  70% ] 20/20 VUs  0m56.0s/1m20.0s

running (0m57.0s), 20/20 VUs, 7077 complete and 0 interrupted iterations
S3     [  71% ] 20/20 VUs  0m57.0s/1m20.0s

running (0m58.0s), 20/20 VUs, 7215 complete and 0 interrupted iterations
S3     [  73% ] 20/20 VUs  0m58.0s/1m20.0s

running (0m59.0s), 20/20 VUs, 7350 complete and 0 interrupted iterations
S3     [  74% ] 20/20 VUs  0m59.0s/1m20.0s

running (1m00.0s), 20/20 VUs, 7486 complete and 0 interrupted iterations
S3     [  75% ] 20/20 VUs  1m00.0s/1m20.0s

running (1m01.0s), 20/20 VUs, 7623 complete and 0 interrupted iterations
S3     [  76% ] 20/20 VUs  1m01.0s/1m20.0s

running (1m02.0s), 20/20 VUs, 7756 complete and 0 interrupted iterations
S3     [  78% ] 20/20 VUs  1m02.0s/1m20.0s

running (1m03.0s), 20/20 VUs, 7892 complete and 0 interrupted iterations
S3     [  79% ] 20/20 VUs  1m03.0s/1m20.0s

running (1m04.0s), 20/20 VUs, 8025 complete and 0 interrupted iterations
S3     [  80% ] 20/20 VUs  1m04.0s/1m20.0s

running (1m05.0s), 20/20 VUs, 8156 complete and 0 interrupted iterations
S3     [  81% ] 20/20 VUs  1m05.0s/1m20.0s

running (1m06.0s), 20/20 VUs, 8289 complete and 0 interrupted iterations
S3     [  83% ] 20/20 VUs  1m06.0s/1m20.0s

running (1m07.0s), 20/20 VUs, 8421 complete and 0 interrupted iterations
S3     [  84% ] 20/20 VUs  1m07.0s/1m20.0s

running (1m08.0s), 20/20 VUs, 8560 complete and 0 interrupted iterations
S3     [  85% ] 20/20 VUs  1m08.0s/1m20.0s

running (1m09.0s), 20/20 VUs, 8697 complete and 0 interrupted iterations
S3     [  86% ] 20/20 VUs  1m09.0s/1m20.0s

running (1m10.0s), 20/20 VUs, 8839 complete and 0 interrupted iterations
S3     [  88% ] 20/20 VUs  1m10.0s/1m20.0s

running (1m11.0s), 19/20 VUs, 8973 complete and 0 interrupted iterations
S3     [  89% ] 19/20 VUs  1m11.0s/1m20.0s

running (1m12.0s), 17/20 VUs, 9094 complete and 0 interrupted iterations
S3     [  90% ] 17/20 VUs  1m12.0s/1m20.0s

running (1m13.0s), 15/20 VUs, 9207 complete and 0 interrupted iterations
S3     [  91% ] 15/20 VUs  1m13.0s/1m20.0s

running (1m14.0s), 13/20 VUs, 9311 complete and 0 interrupted iterations
S3     [  93% ] 13/20 VUs  1m14.0s/1m20.0s

running (1m15.0s), 11/20 VUs, 9399 complete and 0 interrupted iterations
S3     [  94% ] 11/20 VUs  1m15.0s/1m20.0s

running (1m16.0s), 09/20 VUs, 9472 complete and 0 interrupted iterations
S3     [  95% ] 09/20 VUs  1m16.0s/1m20.0s

running (1m17.0s), 07/20 VUs, 9526 complete and 0 interrupted iterations
S3     [  96% ] 07/20 VUs  1m17.0s/1m20.0s

running (1m18.0s), 05/20 VUs, 9572 complete and 0 interrupted iterations
S3     [  98% ] 05/20 VUs  1m18.0s/1m20.0s

running (1m19.0s), 03/20 VUs, 9599 complete and 0 interrupted iterations
S3     [  99% ] 03/20 VUs  1m19.0s/1m20.0s

running (1m20.0s), 01/20 VUs, 9609 complete and 0 interrupted iterations
S3     [ 100% ] 01/20 VUs  1m20s
[k6] http3/S3/rep9 sustained: rps=136.3 p95=265.00ms err=0.00% proto_mismatch=0

running (1m20.0s), 00/20 VUs, 9610 complete and 0 interrupted iterations
S3   ✓ [ 100% ] 00/20 VUs  1m20s
