 Container http-testbed-k6-http3-run-4f83e1174642 Creating 
 Container http-testbed-k6-http3-run-4f83e1174642 Created 

          /\      |‾‾| /‾‾/   /‾‾/   
     /\  /  \     |  |/  /   /  /    
    /  \/    \    |     (   /   ‾‾\  
   /          \   |  |\  \ |  (‾)  | 
  / __________ \  |__| \__\ \_____/ .io

  execution: local
     script: /scripts/script.js
     output: Prometheus remote write (http://prometheus:9090/api/v1/write)

  scenarios: (100.00%) 1 scenario, 20 max VUs, 1m22s max duration (incl. graceful stop):
           * S2: Up to 20 looping VUs for 1m20s over 3 stages (gracefulRampDown: 2s, gracefulStop: 30s)


running (0m01.0s), 01/20 VUs, 8 complete and 0 interrupted iterations
S2     [   1% ] 01/20 VUs  0m01.0s/1m20.0s

running (0m02.0s), 03/20 VUs, 58 complete and 0 interrupted iterations
S2     [   2% ] 03/20 VUs  0m02.0s/1m20.0s

running (0m03.0s), 05/20 VUs, 150 complete and 0 interrupted iterations
S2     [   4% ] 05/20 VUs  0m03.0s/1m20.0s

running (0m04.0s), 07/20 VUs, 284 complete and 0 interrupted iterations
S2     [   5% ] 07/20 VUs  0m04.0s/1m20.0s

running (0m05.0s), 09/20 VUs, 459 complete and 0 interrupted iterations
S2     [   6% ] 09/20 VUs  0m05.0s/1m20.0s

running (0m06.0s), 11/20 VUs, 674 complete and 0 interrupted iterations
S2     [   7% ] 11/20 VUs  0m06.0s/1m20.0s

running (0m07.0s), 13/20 VUs, 929 complete and 0 interrupted iterations
S2     [   9% ] 13/20 VUs  0m07.0s/1m20.0s

running (0m08.0s), 15/20 VUs, 1204 complete and 0 interrupted iterations
S2     [  10% ] 15/20 VUs  0m08.0s/1m20.0s

running (0m09.0s), 17/20 VUs, 1481 complete and 0 interrupted iterations
S2     [  11% ] 17/20 VUs  0m09.0s/1m20.0s

running (0m10.0s), 19/20 VUs, 1758 complete and 0 interrupted iterations
S2     [  12% ] 19/20 VUs  0m10.0s/1m20.0s

running (0m11.0s), 20/20 VUs, 2035 complete and 0 interrupted iterations
S2     [  14% ] 20/20 VUs  0m11.0s/1m20.0s

running (0m12.0s), 20/20 VUs, 2313 complete and 0 interrupted iterations
S2     [  15% ] 20/20 VUs  0m12.0s/1m20.0s

running (0m13.0s), 20/20 VUs, 2592 complete and 0 interrupted iterations
S2     [  16% ] 20/20 VUs  0m13.0s/1m20.0s

running (0m14.0s), 20/20 VUs, 2870 complete and 0 interrupted iterations
S2     [  17% ] 20/20 VUs  0m14.0s/1m20.0s

running (0m15.0s), 20/20 VUs, 3149 complete and 0 interrupted iterations
S2     [  19% ] 20/20 VUs  0m15.0s/1m20.0s

running (0m16.0s), 20/20 VUs, 3427 complete and 0 interrupted iterations
S2     [  20% ] 20/20 VUs  0m16.0s/1m20.0s

running (0m17.0s), 20/20 VUs, 3706 complete and 0 interrupted iterations
S2     [  21% ] 20/20 VUs  0m17.0s/1m20.0s

running (0m18.0s), 20/20 VUs, 3985 complete and 0 interrupted iterations
S2     [  22% ] 20/20 VUs  0m18.0s/1m20.0s

running (0m19.0s), 20/20 VUs, 4263 complete and 0 interrupted iterations
S2     [  24% ] 20/20 VUs  0m19.0s/1m20.0s

running (0m20.0s), 20/20 VUs, 4542 complete and 0 interrupted iterations
S2     [  25% ] 20/20 VUs  0m20.0s/1m20.0s

running (0m21.0s), 20/20 VUs, 4820 complete and 0 interrupted iterations
S2     [  26% ] 20/20 VUs  0m21.0s/1m20.0s

running (0m22.0s), 20/20 VUs, 5099 complete and 0 interrupted iterations
S2     [  27% ] 20/20 VUs  0m22.0s/1m20.0s

running (0m23.0s), 20/20 VUs, 5377 complete and 0 interrupted iterations
S2     [  29% ] 20/20 VUs  0m23.0s/1m20.0s

running (0m24.0s), 20/20 VUs, 5656 complete and 0 interrupted iterations
S2     [  30% ] 20/20 VUs  0m24.0s/1m20.0s

running (0m25.0s), 20/20 VUs, 5934 complete and 0 interrupted iterations
S2     [  31% ] 20/20 VUs  0m25.0s/1m20.0s

running (0m26.0s), 20/20 VUs, 6213 complete and 0 interrupted iterations
S2     [  32% ] 20/20 VUs  0m26.0s/1m20.0s

running (0m27.0s), 20/20 VUs, 6491 complete and 0 interrupted iterations
S2     [  34% ] 20/20 VUs  0m27.0s/1m20.0s

running (0m28.0s), 20/20 VUs, 6770 complete and 0 interrupted iterations
S2     [  35% ] 20/20 VUs  0m28.0s/1m20.0s

running (0m29.0s), 20/20 VUs, 7048 complete and 0 interrupted iterations
S2     [  36% ] 20/20 VUs  0m29.0s/1m20.0s

running (0m30.0s), 20/20 VUs, 7327 complete and 0 interrupted iterations
S2     [  37% ] 20/20 VUs  0m30.0s/1m20.0s

running (0m31.0s), 20/20 VUs, 7605 complete and 0 interrupted iterations
S2     [  39% ] 20/20 VUs  0m31.0s/1m20.0s

running (0m32.0s), 20/20 VUs, 7884 complete and 0 interrupted iterations
S2     [  40% ] 20/20 VUs  0m32.0s/1m20.0s

running (0m33.0s), 20/20 VUs, 8163 complete and 0 interrupted iterations
S2     [  41% ] 20/20 VUs  0m33.0s/1m20.0s

running (0m34.0s), 20/20 VUs, 8441 complete and 0 interrupted iterations
S2     [  42% ] 20/20 VUs  0m34.0s/1m20.0s

running (0m35.0s), 20/20 VUs, 8719 complete and 0 interrupted iterations
S2     [  44% ] 20/20 VUs  0m35.0s/1m20.0s

running (0m36.0s), 20/20 VUs, 8998 complete and 0 interrupted iterations
S2     [  45% ] 20/20 VUs  0m36.0s/1m20.0s

running (0m37.0s), 20/20 VUs, 9276 complete and 0 interrupted iterations
S2     [  46% ] 20/20 VUs  0m37.0s/1m20.0s

running (0m38.0s), 20/20 VUs, 9555 complete and 0 interrupted iterations
S2     [  47% ] 20/20 VUs  0m38.0s/1m20.0s

running (0m39.0s), 20/20 VUs, 9834 complete and 0 interrupted iterations
S2     [  49% ] 20/20 VUs  0m39.0s/1m20.0s

running (0m40.0s), 20/20 VUs, 10112 complete and 0 interrupted iterations
S2     [  50% ] 20/20 VUs  0m40.0s/1m20.0s

running (0m41.0s), 20/20 VUs, 10391 complete and 0 interrupted iterations
S2     [  51% ] 20/20 VUs  0m41.0s/1m20.0s

running (0m42.0s), 20/20 VUs, 10669 complete and 0 interrupted iterations
S2     [  52% ] 20/20 VUs  0m42.0s/1m20.0s

running (0m43.0s), 20/20 VUs, 10948 complete and 0 interrupted iterations
S2     [  54% ] 20/20 VUs  0m43.0s/1m20.0s

running (0m44.0s), 20/20 VUs, 11226 complete and 0 interrupted iterations
S2     [  55% ] 20/20 VUs  0m44.0s/1m20.0s

running (0m45.0s), 20/20 VUs, 11505 complete and 0 interrupted iterations
S2     [  56% ] 20/20 VUs  0m45.0s/1m20.0s

running (0m46.0s), 20/20 VUs, 11783 complete and 0 interrupted iterations
S2     [  57% ] 20/20 VUs  0m46.0s/1m20.0s

running (0m47.0s), 20/20 VUs, 12062 complete and 0 interrupted iterations
S2     [  59% ] 20/20 VUs  0m47.0s/1m20.0s

running (0m48.0s), 20/20 VUs, 12340 complete and 0 interrupted iterations
S2     [  60% ] 20/20 VUs  0m48.0s/1m20.0s

running (0m49.0s), 20/20 VUs, 12619 complete and 0 interrupted iterations
S2     [  61% ] 20/20 VUs  0m49.0s/1m20.0s

running (0m50.0s), 20/20 VUs, 12897 complete and 0 interrupted iterations
S2     [  62% ] 20/20 VUs  0m50.0s/1m20.0s

running (0m51.0s), 20/20 VUs, 13176 complete and 0 interrupted iterations
S2     [  64% ] 20/20 VUs  0m51.0s/1m20.0s

running (0m52.0s), 20/20 VUs, 13455 complete and 0 interrupted iterations
S2     [  65% ] 20/20 VUs  0m52.0s/1m20.0s

running (0m53.0s), 20/20 VUs, 13733 complete and 0 interrupted iterations
S2     [  66% ] 20/20 VUs  0m53.0s/1m20.0s

running (0m54.0s), 20/20 VUs, 14012 complete and 0 interrupted iterations
S2     [  67% ] 20/20 VUs  0m54.0s/1m20.0s

running (0m55.0s), 20/20 VUs, 14290 complete and 0 interrupted iterations
S2     [  69% ] 20/20 VUs  0m55.0s/1m20.0s

running (0m56.0s), 20/20 VUs, 14569 complete and 0 interrupted iterations
S2     [  70% ] 20/20 VUs  0m56.0s/1m20.0s

running (0m57.0s), 20/20 VUs, 14847 complete and 0 interrupted iterations
S2     [  71% ] 20/20 VUs  0m57.0s/1m20.0s

running (0m58.0s), 20/20 VUs, 15126 complete and 0 interrupted iterations
S2     [  72% ] 20/20 VUs  0m58.0s/1m20.0s

running (0m59.0s), 20/20 VUs, 15404 complete and 0 interrupted iterations
S2     [  74% ] 20/20 VUs  0m59.0s/1m20.0s

running (1m00.0s), 20/20 VUs, 15683 complete and 0 interrupted iterations
S2     [  75% ] 20/20 VUs  1m00.0s/1m20.0s

running (1m01.0s), 20/20 VUs, 15961 complete and 0 interrupted iterations
S2     [  76% ] 20/20 VUs  1m01.0s/1m20.0s

running (1m02.0s), 20/20 VUs, 16240 complete and 0 interrupted iterations
S2     [  77% ] 20/20 VUs  1m02.0s/1m20.0s

running (1m03.0s), 20/20 VUs, 16518 complete and 0 interrupted iterations
S2     [  79% ] 20/20 VUs  1m03.0s/1m20.0s

running (1m04.0s), 20/20 VUs, 16797 complete and 0 interrupted iterations
S2     [  80% ] 20/20 VUs  1m04.0s/1m20.0s

running (1m05.0s), 20/20 VUs, 17075 complete and 0 interrupted iterations
S2     [  81% ] 20/20 VUs  1m05.0s/1m20.0s

running (1m06.0s), 20/20 VUs, 17354 complete and 0 interrupted iterations
S2     [  82% ] 20/20 VUs  1m06.0s/1m20.0s

running (1m07.0s), 20/20 VUs, 17633 complete and 0 interrupted iterations
S2     [  84% ] 20/20 VUs  1m07.0s/1m20.0s

running (1m08.0s), 20/20 VUs, 17911 complete and 0 interrupted iterations
S2     [  85% ] 20/20 VUs  1m08.0s/1m20.0s

running (1m09.0s), 20/20 VUs, 18190 complete and 0 interrupted iterations
S2     [  86% ] 20/20 VUs  1m09.0s/1m20.0s

running (1m10.0s), 20/20 VUs, 18468 complete and 0 interrupted iterations
S2     [  87% ] 20/20 VUs  1m10.0s/1m20.0s

running (1m11.0s), 19/20 VUs, 18747 complete and 0 interrupted iterations
S2     [  89% ] 19/20 VUs  1m11.0s/1m20.0s

running (1m12.0s), 17/20 VUs, 19025 complete and 0 interrupted iterations
S2     [  90% ] 17/20 VUs  1m12.0s/1m20.0s

running (1m13.0s), 15/20 VUs, 19304 complete and 0 interrupted iterations
S2     [  91% ] 15/20 VUs  1m13.0s/1m20.0s

running (1m14.0s), 13/20 VUs, 19578 complete and 0 interrupted iterations
S2     [  92% ] 13/20 VUs  1m14.0s/1m20.0s

running (1m15.0s), 11/20 VUs, 19820 complete and 0 interrupted iterations
S2     [  94% ] 11/20 VUs  1m15.0s/1m20.0s

running (1m16.0s), 09/20 VUs, 20019 complete and 0 interrupted iterations
S2     [  95% ] 09/20 VUs  1m16.0s/1m20.0s

running (1m17.0s), 07/20 VUs, 20179 complete and 0 interrupted iterations
S2     [  96% ] 07/20 VUs  1m17.0s/1m20.0s

running (1m18.0s), 05/20 VUs, 20296 complete and 0 interrupted iterations
S2     [  97% ] 05/20 VUs  1m18.0s/1m20.0s

running (1m19.0s), 03/20 VUs, 20372 complete and 0 interrupted iterations
S2     [  99% ] 03/20 VUs  1m19.0s/1m20.0s

running (1m20.0s), 01/20 VUs, 20406 complete and 0 interrupted iterations
S2     [ 100% ] 01/20 VUs  1m20.0s/1m20.0s
[k6] http3/S2/rep8 sustained: rps=278.5 p95=72.00ms err=0.00% proto_mismatch=0

running (1m20.0s), 00/20 VUs, 20407 complete and 0 interrupted iterations
S2   ✓ [ 100% ] 00/20 VUs  1m20s
