 Container http-testbed-k6-http3-run-ba5e69c170db Creating 
 Container http-testbed-k6-http3-run-ba5e69c170db Created 

          /\      |‾‾| /‾‾/   /‾‾/   
     /\  /  \     |  |/  /   /  /    
    /  \/    \    |     (   /   ‾‾\  
   /          \   |  |\  \ |  (‾)  | 
  / __________ \  |__| \__\ \_____/ .io

  execution: local
     script: /scripts/script.js
     output: Prometheus remote write (http://prometheus:9090/api/v1/write)

  scenarios: (100.00%) 1 scenario, 20 max VUs, 1m22s max duration (incl. graceful stop):
           * S2: Up to 20 looping VUs for 1m20s over 3 stages (gracefulRampDown: 2s, gracefulStop: 30s)


running (0m01.0s), 01/20 VUs, 8 complete and 0 interrupted iterations
S2     [   1% ] 01/20 VUs  0m01.0s/1m20.0s

running (0m02.0s), 03/20 VUs, 58 complete and 0 interrupted iterations
S2     [   2% ] 03/20 VUs  0m02.0s/1m20.0s

running (0m03.0s), 05/20 VUs, 150 complete and 0 interrupted iterations
S2     [   4% ] 05/20 VUs  0m03.0s/1m20.0s

running (0m04.0s), 07/20 VUs, 283 complete and 0 interrupted iterations
S2     [   5% ] 07/20 VUs  0m04.0s/1m20.0s

running (0m05.0s), 09/20 VUs, 459 complete and 0 interrupted iterations
S2     [   6% ] 09/20 VUs  0m05.0s/1m20.0s

running (0m06.0s), 11/20 VUs, 675 complete and 0 interrupted iterations
S2     [   7% ] 11/20 VUs  0m06.0s/1m20.0s

running (0m07.0s), 13/20 VUs, 929 complete and 0 interrupted iterations
S2     [   9% ] 13/20 VUs  0m07.0s/1m20.0s

running (0m08.0s), 15/20 VUs, 1205 complete and 0 interrupted iterations
S2     [  10% ] 15/20 VUs  0m08.0s/1m20.0s

running (0m09.0s), 17/20 VUs, 1482 complete and 0 interrupted iterations
S2     [  11% ] 17/20 VUs  0m09.0s/1m20.0s

running (0m10.0s), 19/20 VUs, 1759 complete and 0 interrupted iterations
S2     [  12% ] 19/20 VUs  0m10.0s/1m20.0s

running (0m11.0s), 20/20 VUs, 2037 complete and 0 interrupted iterations
S2     [  14% ] 20/20 VUs  0m11.0s/1m20.0s

running (0m12.0s), 20/20 VUs, 2314 complete and 0 interrupted iterations
S2     [  15% ] 20/20 VUs  0m12.0s/1m20.0s

running (0m13.0s), 20/20 VUs, 2593 complete and 0 interrupted iterations
S2     [  16% ] 20/20 VUs  0m13.0s/1m20.0s

running (0m14.0s), 20/20 VUs, 2872 complete and 0 interrupted iterations
S2     [  17% ] 20/20 VUs  0m14.0s/1m20.0s

running (0m15.0s), 20/20 VUs, 3150 complete and 0 interrupted iterations
S2     [  19% ] 20/20 VUs  0m15.0s/1m20.0s

running (0m16.0s), 20/20 VUs, 3428 complete and 0 interrupted iterations
S2     [  20% ] 20/20 VUs  0m16.0s/1m20.0s

running (0m17.0s), 20/20 VUs, 3707 complete and 0 interrupted iterations
S2     [  21% ] 20/20 VUs  0m17.0s/1m20.0s

running (0m18.0s), 20/20 VUs, 3986 complete and 0 interrupted iterations
S2     [  22% ] 20/20 VUs  0m18.0s/1m20.0s

running (0m19.0s), 20/20 VUs, 4264 complete and 0 interrupted iterations
S2     [  24% ] 20/20 VUs  0m19.0s/1m20.0s

running (0m20.0s), 20/20 VUs, 4543 complete and 0 interrupted iterations
S2     [  25% ] 20/20 VUs  0m20.0s/1m20.0s

running (0m21.0s), 20/20 VUs, 4821 complete and 0 interrupted iterations
S2     [  26% ] 20/20 VUs  0m21.0s/1m20.0s

running (0m22.0s), 20/20 VUs, 5100 complete and 0 interrupted iterations
S2     [  27% ] 20/20 VUs  0m22.0s/1m20.0s

running (0m23.0s), 20/20 VUs, 5378 complete and 0 interrupted iterations
S2     [  29% ] 20/20 VUs  0m23.0s/1m20.0s

running (0m24.0s), 20/20 VUs, 5657 complete and 0 interrupted iterations
S2     [  30% ] 20/20 VUs  0m24.0s/1m20.0s

running (0m25.0s), 20/20 VUs, 5935 complete and 0 interrupted iterations
S2     [  31% ] 20/20 VUs  0m25.0s/1m20.0s

running (0m26.0s), 20/20 VUs, 6214 complete and 0 interrupted iterations
S2     [  32% ] 20/20 VUs  0m26.0s/1m20.0s

running (0m27.0s), 20/20 VUs, 6492 complete and 0 interrupted iterations
S2     [  34% ] 20/20 VUs  0m27.0s/1m20.0s

running (0m28.0s), 20/20 VUs, 6771 complete and 0 interrupted iterations
S2     [  35% ] 20/20 VUs  0m28.0s/1m20.0s

running (0m29.0s), 20/20 VUs, 7049 complete and 0 interrupted iterations
S2     [  36% ] 20/20 VUs  0m29.0s/1m20.0s

running (0m30.0s), 20/20 VUs, 7328 complete and 0 interrupted iterations
S2     [  37% ] 20/20 VUs  0m30.0s/1m20.0s

running (0m31.0s), 20/20 VUs, 7607 complete and 0 interrupted iterations
S2     [  39% ] 20/20 VUs  0m31.0s/1m20.0s

running (0m32.0s), 20/20 VUs, 7885 complete and 0 interrupted iterations
S2     [  40% ] 20/20 VUs  0m32.0s/1m20.0s

running (0m33.0s), 20/20 VUs, 8164 complete and 0 interrupted iterations
S2     [  41% ] 20/20 VUs  0m33.0s/1m20.0s

running (0m34.0s), 20/20 VUs, 8442 complete and 0 interrupted iterations
S2     [  42% ] 20/20 VUs  0m34.0s/1m20.0s

running (0m35.0s), 20/20 VUs, 8721 complete and 0 interrupted iterations
S2     [  44% ] 20/20 VUs  0m35.0s/1m20.0s

running (0m36.0s), 20/20 VUs, 8999 complete and 0 interrupted iterations
S2     [  45% ] 20/20 VUs  0m36.0s/1m20.0s

running (0m37.0s), 20/20 VUs, 9278 complete and 0 interrupted iterations
S2     [  46% ] 20/20 VUs  0m37.0s/1m20.0s

running (0m38.0s), 20/20 VUs, 9556 complete and 0 interrupted iterations
S2     [  47% ] 20/20 VUs  0m38.0s/1m20.0s

running (0m39.0s), 20/20 VUs, 9835 complete and 0 interrupted iterations
S2     [  49% ] 20/20 VUs  0m39.0s/1m20.0s

running (0m40.0s), 20/20 VUs, 10113 complete and 0 interrupted iterations
S2     [  50% ] 20/20 VUs  0m40.0s/1m20.0s

running (0m41.0s), 20/20 VUs, 10392 complete and 0 interrupted iterations
S2     [  51% ] 20/20 VUs  0m41.0s/1m20.0s

running (0m42.0s), 20/20 VUs, 10670 complete and 0 interrupted iterations
S2     [  52% ] 20/20 VUs  0m42.0s/1m20.0s

running (0m43.0s), 20/20 VUs, 10949 complete and 0 interrupted iterations
S2     [  54% ] 20/20 VUs  0m43.0s/1m20.0s

running (0m44.0s), 20/20 VUs, 11227 complete and 0 interrupted iterations
S2     [  55% ] 20/20 VUs  0m44.0s/1m20.0s

running (0m45.0s), 20/20 VUs, 11506 complete and 0 interrupted iterations
S2     [  56% ] 20/20 VUs  0m45.0s/1m20.0s

running (0m46.0s), 20/20 VUs, 11784 complete and 0 interrupted iterations
S2     [  57% ] 20/20 VUs  0m46.0s/1m20.0s

running (0m47.0s), 20/20 VUs, 12063 complete and 0 interrupted iterations
S2     [  59% ] 20/20 VUs  0m47.0s/1m20.0s

running (0m48.0s), 20/20 VUs, 12341 complete and 0 interrupted iterations
S2     [  60% ] 20/20 VUs  0m48.0s/1m20.0s

running (0m49.0s), 20/20 VUs, 12620 complete and 0 interrupted iterations
S2     [  61% ] 20/20 VUs  0m49.0s/1m20.0s

running (0m50.0s), 20/20 VUs, 12899 complete and 0 interrupted iterations
S2     [  62% ] 20/20 VUs  0m50.0s/1m20.0s

running (0m51.0s), 20/20 VUs, 13177 complete and 0 interrupted iterations
S2     [  64% ] 20/20 VUs  0m51.0s/1m20.0s

running (0m52.0s), 20/20 VUs, 13456 complete and 0 interrupted iterations
S2     [  65% ] 20/20 VUs  0m52.0s/1m20.0s

running (0m53.0s), 20/20 VUs, 13734 complete and 0 interrupted iterations
S2     [  66% ] 20/20 VUs  0m53.0s/1m20.0s

running (0m54.0s), 20/20 VUs, 14013 complete and 0 interrupted iterations
S2     [  67% ] 20/20 VUs  0m54.0s/1m20.0s

running (0m55.0s), 20/20 VUs, 14291 complete and 0 interrupted iterations
S2     [  69% ] 20/20 VUs  0m55.0s/1m20.0s

running (0m56.0s), 20/20 VUs, 14570 complete and 0 interrupted iterations
S2     [  70% ] 20/20 VUs  0m56.0s/1m20.0s

running (0m57.0s), 20/20 VUs, 14848 complete and 0 interrupted iterations
S2     [  71% ] 20/20 VUs  0m57.0s/1m20.0s

running (0m58.0s), 20/20 VUs, 15127 complete and 0 interrupted iterations
S2     [  72% ] 20/20 VUs  0m58.0s/1m20.0s

running (0m59.0s), 20/20 VUs, 15405 complete and 0 interrupted iterations
S2     [  74% ] 20/20 VUs  0m59.0s/1m20.0s

running (1m00.0s), 20/20 VUs, 15684 complete and 0 interrupted iterations
S2     [  75% ] 20/20 VUs  1m00.0s/1m20.0s

running (1m01.0s), 20/20 VUs, 15963 complete and 0 interrupted iterations
S2     [  76% ] 20/20 VUs  1m01.0s/1m20.0s

running (1m02.0s), 20/20 VUs, 16241 complete and 0 interrupted iterations
S2     [  77% ] 20/20 VUs  1m02.0s/1m20.0s

running (1m03.0s), 20/20 VUs, 16520 complete and 0 interrupted iterations
S2     [  79% ] 20/20 VUs  1m03.0s/1m20.0s

running (1m04.0s), 20/20 VUs, 16798 complete and 0 interrupted iterations
S2     [  80% ] 20/20 VUs  1m04.0s/1m20.0s

running (1m05.0s), 20/20 VUs, 17077 complete and 0 interrupted iterations
S2     [  81% ] 20/20 VUs  1m05.0s/1m20.0s

running (1m06.0s), 20/20 VUs, 17355 complete and 0 interrupted iterations
S2     [  82% ] 20/20 VUs  1m06.0s/1m20.0s

running (1m07.0s), 20/20 VUs, 17634 complete and 0 interrupted iterations
S2     [  84% ] 20/20 VUs  1m07.0s/1m20.0s

running (1m08.0s), 20/20 VUs, 17912 complete and 0 interrupted iterations
S2     [  85% ] 20/20 VUs  1m08.0s/1m20.0s

running (1m09.0s), 20/20 VUs, 18191 complete and 0 interrupted iterations
S2     [  86% ] 20/20 VUs  1m09.0s/1m20.0s

running (1m10.0s), 20/20 VUs, 18470 complete and 0 interrupted iterations
S2     [  87% ] 20/20 VUs  1m10.0s/1m20.0s

running (1m11.0s), 19/20 VUs, 18748 complete and 0 interrupted iterations
S2     [  89% ] 19/20 VUs  1m11.0s/1m20.0s

running (1m12.0s), 17/20 VUs, 19027 complete and 0 interrupted iterations
S2     [  90% ] 17/20 VUs  1m12.0s/1m20.0s

running (1m13.0s), 15/20 VUs, 19305 complete and 0 interrupted iterations
S2     [  91% ] 15/20 VUs  1m13.0s/1m20.0s

running (1m14.0s), 13/20 VUs, 19579 complete and 0 interrupted iterations
S2     [  92% ] 13/20 VUs  1m14.0s/1m20.0s

running (1m15.0s), 11/20 VUs, 19820 complete and 0 interrupted iterations
S2     [  94% ] 11/20 VUs  1m15.0s/1m20.0s

running (1m16.0s), 09/20 VUs, 20020 complete and 0 interrupted iterations
S2     [  95% ] 09/20 VUs  1m16.0s/1m20.0s

running (1m17.0s), 07/20 VUs, 20180 complete and 0 interrupted iterations
S2     [  96% ] 07/20 VUs  1m17.0s/1m20.0s

running (1m18.0s), 05/20 VUs, 20298 complete and 0 interrupted iterations
S2     [  97% ] 05/20 VUs  1m18.0s/1m20.0s

running (1m19.0s), 03/20 VUs, 20375 complete and 0 interrupted iterations
S2     [  99% ] 03/20 VUs  1m19.0s/1m20.0s

running (1m20.0s), 01/20 VUs, 20408 complete and 0 interrupted iterations
S2     [ 100% ] 01/20 VUs  1m20.0s/1m20.0s
[k6] http3/S2/rep5 sustained: rps=278.5 p95=72.00ms err=0.00% proto_mismatch=0

running (1m20.0s), 00/20 VUs, 20409 complete and 0 interrupted iterations
S2   ✓ [ 100% ] 00/20 VUs  1m20s
