 Container http-testbed-k6-run-254d39e51db0 Creating 
 Container http-testbed-k6-run-254d39e51db0 Created 

         /\      Grafana   /‾‾/  
    /\  /  \     |\  __   /  /   
   /  \/    \    | |/ /  /   ‾‾\ 
  /          \   |   (  |  (‾)  |
 / __________ \  |_|\_\  \_____/ 


     execution: local
        script: /scripts/script.js
        output: Prometheus remote write (http://prometheus:9090/api/v1/write)

     scenarios: (100.00%) 1 scenario, 20 max VUs, 1m22s max duration (incl. graceful stop):
              * S5: Up to 20 looping VUs for 1m20s over 3 stages (gracefulRampDown: 2s, gracefulStop: 30s)


running (0m01.0s), 01/20 VUs, 0 complete and 0 interrupted iterations
S5     [   1% ] 01/20 VUs  0m01.0s/1m20.0s

running (0m02.0s), 03/20 VUs, 3 complete and 0 interrupted iterations
S5     [   2% ] 03/20 VUs  0m02.0s/1m20.0s

running (0m03.0s), 05/20 VUs, 12 complete and 0 interrupted iterations
S5     [   4% ] 05/20 VUs  0m03.0s/1m20.0s

running (0m04.0s), 07/20 VUs, 28 complete and 0 interrupted iterations
S5     [   5% ] 07/20 VUs  0m04.0s/1m20.0s

running (0m05.0s), 09/20 VUs, 50 complete and 0 interrupted iterations
S5     [   6% ] 09/20 VUs  0m05.0s/1m20.0s

running (0m06.0s), 11/20 VUs, 75 complete and 0 interrupted iterations
S5     [   7% ] 11/20 VUs  0m06.0s/1m20.0s

running (0m07.0s), 13/20 VUs, 109 complete and 0 interrupted iterations
S5     [   9% ] 13/20 VUs  0m07.0s/1m20.0s

running (0m08.0s), 15/20 VUs, 151 complete and 0 interrupted iterations
S5     [  10% ] 15/20 VUs  0m08.0s/1m20.0s

running (0m09.0s), 17/20 VUs, 201 complete and 0 interrupted iterations
S5     [  11% ] 17/20 VUs  0m09.0s/1m20.0s

running (0m10.0s), 19/20 VUs, 252 complete and 0 interrupted iterations
S5     [  12% ] 19/20 VUs  0m10.0s/1m20.0s

running (0m11.0s), 20/20 VUs, 312 complete and 0 interrupted iterations
S5     [  14% ] 20/20 VUs  0m11.0s/1m20.0s

running (0m12.0s), 20/20 VUs, 372 complete and 0 interrupted iterations
S5     [  15% ] 20/20 VUs  0m12.0s/1m20.0s

running (0m13.0s), 20/20 VUs, 437 complete and 0 interrupted iterations
S5     [  16% ] 20/20 VUs  0m13.0s/1m20.0s

running (0m14.0s), 20/20 VUs, 492 complete and 0 interrupted iterations
S5     [  17% ] 20/20 VUs  0m14.0s/1m20.0s

running (0m15.0s), 20/20 VUs, 549 complete and 0 interrupted iterations
S5     [  19% ] 20/20 VUs  0m15.0s/1m20.0s

running (0m16.0s), 20/20 VUs, 612 complete and 0 interrupted iterations
S5     [  20% ] 20/20 VUs  0m16.0s/1m20.0s

running (0m17.0s), 20/20 VUs, 675 complete and 0 interrupted iterations
S5     [  21% ] 20/20 VUs  0m17.0s/1m20.0s

running (0m18.0s), 20/20 VUs, 735 complete and 0 interrupted iterations
S5     [  22% ] 20/20 VUs  0m18.0s/1m20.0s

running (0m19.0s), 20/20 VUs, 792 complete and 0 interrupted iterations
S5     [  24% ] 20/20 VUs  0m19.0s/1m20.0s

running (0m20.0s), 20/20 VUs, 846 complete and 0 interrupted iterations
S5     [  25% ] 20/20 VUs  0m20.0s/1m20.0s

running (0m21.0s), 20/20 VUs, 893 complete and 0 interrupted iterations
S5     [  26% ] 20/20 VUs  0m21.0s/1m20.0s

running (0m22.0s), 20/20 VUs, 946 complete and 0 interrupted iterations
S5     [  27% ] 20/20 VUs  0m22.0s/1m20.0s

running (0m23.0s), 20/20 VUs, 998 complete and 0 interrupted iterations
S5     [  29% ] 20/20 VUs  0m23.0s/1m20.0s

running (0m24.0s), 20/20 VUs, 1057 complete and 0 interrupted iterations
S5     [  30% ] 20/20 VUs  0m24.0s/1m20.0s

running (0m25.0s), 20/20 VUs, 1111 complete and 0 interrupted iterations
S5     [  31% ] 20/20 VUs  0m25.0s/1m20.0s

running (0m26.0s), 20/20 VUs, 1165 complete and 0 interrupted iterations
S5     [  32% ] 20/20 VUs  0m26.0s/1m20.0s

running (0m27.0s), 20/20 VUs, 1222 complete and 0 interrupted iterations
S5     [  34% ] 20/20 VUs  0m27.0s/1m20.0s

running (0m28.0s), 20/20 VUs, 1279 complete and 0 interrupted iterations
S5     [  35% ] 20/20 VUs  0m28.0s/1m20.0s

running (0m29.0s), 20/20 VUs, 1335 complete and 0 interrupted iterations
S5     [  36% ] 20/20 VUs  0m29.0s/1m20.0s

running (0m30.0s), 20/20 VUs, 1389 complete and 0 interrupted iterations
S5     [  37% ] 20/20 VUs  0m30.0s/1m20.0s

running (0m31.0s), 20/20 VUs, 1449 complete and 0 interrupted iterations
S5     [  39% ] 20/20 VUs  0m31.0s/1m20.0s

running (0m32.0s), 20/20 VUs, 1511 complete and 0 interrupted iterations
S5     [  40% ] 20/20 VUs  0m32.0s/1m20.0s

running (0m33.0s), 20/20 VUs, 1570 complete and 0 interrupted iterations
S5     [  41% ] 20/20 VUs  0m33.0s/1m20.0s

running (0m34.0s), 20/20 VUs, 1630 complete and 0 interrupted iterations
S5     [  42% ] 20/20 VUs  0m34.0s/1m20.0s

running (0m35.0s), 20/20 VUs, 1695 complete and 0 interrupted iterations
S5     [  44% ] 20/20 VUs  0m35.0s/1m20.0s

running (0m36.0s), 20/20 VUs, 1750 complete and 0 interrupted iterations
S5     [  45% ] 20/20 VUs  0m36.0s/1m20.0s

running (0m37.0s), 20/20 VUs, 1803 complete and 0 interrupted iterations
S5     [  46% ] 20/20 VUs  0m37.0s/1m20.0s

running (0m38.0s), 20/20 VUs, 1863 complete and 0 interrupted iterations
S5     [  47% ] 20/20 VUs  0m38.0s/1m20.0s

running (0m39.0s), 20/20 VUs, 1919 complete and 0 interrupted iterations
S5     [  49% ] 20/20 VUs  0m39.0s/1m20.0s

running (0m40.0s), 20/20 VUs, 1972 complete and 0 interrupted iterations
S5     [  50% ] 20/20 VUs  0m40.0s/1m20.0s

running (0m41.0s), 20/20 VUs, 2026 complete and 0 interrupted iterations
S5     [  51% ] 20/20 VUs  0m41.0s/1m20.0s

running (0m42.0s), 20/20 VUs, 2077 complete and 0 interrupted iterations
S5     [  52% ] 20/20 VUs  0m42.0s/1m20.0s

running (0m43.0s), 20/20 VUs, 2127 complete and 0 interrupted iterations
S5     [  54% ] 20/20 VUs  0m43.0s/1m20.0s

running (0m44.0s), 20/20 VUs, 2180 complete and 0 interrupted iterations
S5     [  55% ] 20/20 VUs  0m44.0s/1m20.0s

running (0m45.0s), 20/20 VUs, 2239 complete and 0 interrupted iterations
S5     [  56% ] 20/20 VUs  0m45.0s/1m20.0s

running (0m46.0s), 20/20 VUs, 2293 complete and 0 interrupted iterations
S5     [  57% ] 20/20 VUs  0m46.0s/1m20.0s

running (0m47.0s), 20/20 VUs, 2352 complete and 0 interrupted iterations
S5     [  59% ] 20/20 VUs  0m47.0s/1m20.0s

running (0m48.0s), 20/20 VUs, 2419 complete and 0 interrupted iterations
S5     [  60% ] 20/20 VUs  0m48.0s/1m20.0s

running (0m49.0s), 20/20 VUs, 2473 complete and 0 interrupted iterations
S5     [  61% ] 20/20 VUs  0m49.0s/1m20.0s

running (0m50.0s), 20/20 VUs, 2534 complete and 0 interrupted iterations
S5     [  62% ] 20/20 VUs  0m50.0s/1m20.0s

running (0m51.0s), 20/20 VUs, 2597 complete and 0 interrupted iterations
S5     [  64% ] 20/20 VUs  0m51.0s/1m20.0s

running (0m52.0s), 20/20 VUs, 2657 complete and 0 interrupted iterations
S5     [  65% ] 20/20 VUs  0m52.0s/1m20.0s

running (0m53.0s), 20/20 VUs, 2717 complete and 0 interrupted iterations
S5     [  66% ] 20/20 VUs  0m53.0s/1m20.0s

running (0m54.0s), 20/20 VUs, 2777 complete and 0 interrupted iterations
S5     [  67% ] 20/20 VUs  0m54.0s/1m20.0s

running (0m55.0s), 20/20 VUs, 2833 complete and 0 interrupted iterations
S5     [  69% ] 20/20 VUs  0m55.0s/1m20.0s

running (0m56.0s), 20/20 VUs, 2887 complete and 0 interrupted iterations
S5     [  70% ] 20/20 VUs  0m56.0s/1m20.0s

running (0m57.0s), 20/20 VUs, 2945 complete and 0 interrupted iterations
S5     [  71% ] 20/20 VUs  0m57.0s/1m20.0s

running (0m58.0s), 20/20 VUs, 3004 complete and 0 interrupted iterations
S5     [  72% ] 20/20 VUs  0m58.0s/1m20.0s

running (0m59.0s), 20/20 VUs, 3062 complete and 0 interrupted iterations
S5     [  74% ] 20/20 VUs  0m59.0s/1m20.0s

running (1m00.0s), 20/20 VUs, 3121 complete and 0 interrupted iterations
S5     [  75% ] 20/20 VUs  1m00.0s/1m20.0s

running (1m01.0s), 20/20 VUs, 3180 complete and 0 interrupted iterations
S5     [  76% ] 20/20 VUs  1m01.0s/1m20.0s

running (1m02.0s), 20/20 VUs, 3239 complete and 0 interrupted iterations
S5     [  77% ] 20/20 VUs  1m02.0s/1m20.0s

running (1m03.0s), 20/20 VUs, 3292 complete and 0 interrupted iterations
S5     [  79% ] 20/20 VUs  1m03.0s/1m20.0s

running (1m04.0s), 20/20 VUs, 3358 complete and 0 interrupted iterations
S5     [  80% ] 20/20 VUs  1m04.0s/1m20.0s

running (1m05.0s), 20/20 VUs, 3418 complete and 0 interrupted iterations
S5     [  81% ] 20/20 VUs  1m05.0s/1m20.0s

running (1m06.0s), 20/20 VUs, 3473 complete and 0 interrupted iterations
S5     [  82% ] 20/20 VUs  1m06.0s/1m20.0s

running (1m07.0s), 20/20 VUs, 3533 complete and 0 interrupted iterations
S5     [  84% ] 20/20 VUs  1m07.0s/1m20.0s

running (1m08.0s), 20/20 VUs, 3590 complete and 0 interrupted iterations
S5     [  85% ] 20/20 VUs  1m08.0s/1m20.0s

running (1m09.0s), 20/20 VUs, 3652 complete and 0 interrupted iterations
S5     [  86% ] 20/20 VUs  1m09.0s/1m20.0s

running (1m10.0s), 20/20 VUs, 3715 complete and 0 interrupted iterations
S5     [  87% ] 20/20 VUs  1m10.0s/1m20.0s

running (1m11.0s), 20/20 VUs, 3771 complete and 0 interrupted iterations
S5     [  89% ] 20/20 VUs  1m11.0s/1m20.0s

running (1m12.0s), 17/20 VUs, 3827 complete and 0 interrupted iterations
S5     [  90% ] 17/20 VUs  1m12.0s/1m20.0s

running (1m13.0s), 15/20 VUs, 3871 complete and 0 interrupted iterations
S5     [  91% ] 15/20 VUs  1m13.0s/1m20.0s

running (1m14.0s), 13/20 VUs, 3904 complete and 0 interrupted iterations
S5     [  92% ] 13/20 VUs  1m14.0s/1m20.0s

running (1m15.0s), 11/20 VUs, 3936 complete and 0 interrupted iterations
S5     [  94% ] 11/20 VUs  1m15.0s/1m20.0s

running (1m16.0s), 09/20 VUs, 3963 complete and 0 interrupted iterations
S5     [  95% ] 09/20 VUs  1m16.0s/1m20.0s

running (1m17.0s), 07/20 VUs, 3989 complete and 0 interrupted iterations
S5     [  96% ] 07/20 VUs  1m17.0s/1m20.0s

running (1m18.0s), 05/20 VUs, 4002 complete and 0 interrupted iterations
S5     [  97% ] 05/20 VUs  1m18.0s/1m20.0s

running (1m19.0s), 03/20 VUs, 4012 complete and 0 interrupted iterations
S5     [  99% ] 03/20 VUs  1m19.0s/1m20.0s

running (1m20.0s), 01/20 VUs, 4018 complete and 0 interrupted iterations
S5     [ 100% ] 01/20 VUs  1m20.0s/1m20.0s
[k6] http2/S5/rep5 sustained: rps=57.7 p95=596.24ms err=0.00% proto_mismatch=0

running (1m20.1s), 00/20 VUs, 4019 complete and 0 interrupted iterations
S5   ✓ [ 100% ] 00/20 VUs  1m20s
