 Container http-testbed-k6-run-fa81493870b9 Creating 
 Container http-testbed-k6-run-fa81493870b9 Created 

         /\      Grafana   /‾‾/  
    /\  /  \     |\  __   /  /   
   /  \/    \    | |/ /  /   ‾‾\ 
  /          \   |   (  |  (‾)  |
 / __________ \  |_|\_\  \_____/ 


     execution: local
        script: /scripts/script.js
        output: Prometheus remote write (http://prometheus:9090/api/v1/write)

     scenarios: (100.00%) 1 scenario, 20 max VUs, 1m22s max duration (incl. graceful stop):
              * S3: Up to 20 looping VUs for 1m20s over 3 stages (gracefulRampDown: 2s, gracefulStop: 30s)


running (0m01.0s), 01/20 VUs, 0 complete and 0 interrupted iterations
S3     [   1% ] 01/20 VUs  0m01.0s/1m20.0s

running (0m02.0s), 03/20 VUs, 14 complete and 0 interrupted iterations
S3     [   2% ] 03/20 VUs  0m02.0s/1m20.0s

running (0m03.0s), 05/20 VUs, 45 complete and 0 interrupted iterations
S3     [   4% ] 05/20 VUs  0m03.0s/1m20.0s

running (0m04.0s), 07/20 VUs, 84 complete and 0 interrupted iterations
S3     [   5% ] 07/20 VUs  0m04.0s/1m20.0s

running (0m05.0s), 09/20 VUs, 136 complete and 0 interrupted iterations
S3     [   6% ] 09/20 VUs  0m05.0s/1m20.0s

running (0m06.0s), 11/20 VUs, 199 complete and 0 interrupted iterations
S3     [   7% ] 11/20 VUs  0m06.0s/1m20.0s

running (0m07.0s), 13/20 VUs, 272 complete and 0 interrupted iterations
S3     [   9% ] 13/20 VUs  0m07.0s/1m20.0s

running (0m08.0s), 15/20 VUs, 364 complete and 0 interrupted iterations
S3     [  10% ] 15/20 VUs  0m08.0s/1m20.0s

running (0m09.0s), 17/20 VUs, 463 complete and 0 interrupted iterations
S3     [  11% ] 17/20 VUs  0m09.0s/1m20.0s

running (0m10.0s), 19/20 VUs, 579 complete and 0 interrupted iterations
S3     [  12% ] 19/20 VUs  0m10.0s/1m20.0s

running (0m11.0s), 20/20 VUs, 683 complete and 0 interrupted iterations
S3     [  14% ] 20/20 VUs  0m11.0s/1m20.0s

running (0m12.0s), 20/20 VUs, 788 complete and 0 interrupted iterations
S3     [  15% ] 20/20 VUs  0m12.0s/1m20.0s

running (0m13.0s), 20/20 VUs, 904 complete and 0 interrupted iterations
S3     [  16% ] 20/20 VUs  0m13.0s/1m20.0s

running (0m14.0s), 20/20 VUs, 1003 complete and 0 interrupted iterations
S3     [  17% ] 20/20 VUs  0m14.0s/1m20.0s

running (0m15.0s), 20/20 VUs, 1109 complete and 0 interrupted iterations
S3     [  19% ] 20/20 VUs  0m15.0s/1m20.0s

running (0m16.0s), 20/20 VUs, 1219 complete and 0 interrupted iterations
S3     [  20% ] 20/20 VUs  0m16.0s/1m20.0s

running (0m17.0s), 20/20 VUs, 1325 complete and 0 interrupted iterations
S3     [  21% ] 20/20 VUs  0m17.0s/1m20.0s

running (0m18.0s), 20/20 VUs, 1436 complete and 0 interrupted iterations
S3     [  22% ] 20/20 VUs  0m18.0s/1m20.0s

running (0m19.0s), 20/20 VUs, 1544 complete and 0 interrupted iterations
S3     [  24% ] 20/20 VUs  0m19.0s/1m20.0s

running (0m20.0s), 20/20 VUs, 1648 complete and 0 interrupted iterations
S3     [  25% ] 20/20 VUs  0m20.0s/1m20.0s

running (0m21.0s), 20/20 VUs, 1755 complete and 0 interrupted iterations
S3     [  26% ] 20/20 VUs  0m21.0s/1m20.0s

running (0m22.0s), 20/20 VUs, 1845 complete and 0 interrupted iterations
S3     [  27% ] 20/20 VUs  0m22.0s/1m20.0s

running (0m23.0s), 20/20 VUs, 1962 complete and 0 interrupted iterations
S3     [  29% ] 20/20 VUs  0m23.0s/1m20.0s

running (0m24.0s), 20/20 VUs, 2064 complete and 0 interrupted iterations
S3     [  30% ] 20/20 VUs  0m24.0s/1m20.0s

running (0m25.0s), 20/20 VUs, 2169 complete and 0 interrupted iterations
S3     [  31% ] 20/20 VUs  0m25.0s/1m20.0s

running (0m26.0s), 20/20 VUs, 2272 complete and 0 interrupted iterations
S3     [  32% ] 20/20 VUs  0m26.0s/1m20.0s

running (0m27.0s), 20/20 VUs, 2379 complete and 0 interrupted iterations
S3     [  34% ] 20/20 VUs  0m27.0s/1m20.0s

running (0m28.0s), 20/20 VUs, 2491 complete and 0 interrupted iterations
S3     [  35% ] 20/20 VUs  0m28.0s/1m20.0s

running (0m29.0s), 20/20 VUs, 2590 complete and 0 interrupted iterations
S3     [  36% ] 20/20 VUs  0m29.0s/1m20.0s

running (0m30.0s), 20/20 VUs, 2702 complete and 0 interrupted iterations
S3     [  37% ] 20/20 VUs  0m30.0s/1m20.0s

running (0m31.0s), 20/20 VUs, 2802 complete and 0 interrupted iterations
S3     [  39% ] 20/20 VUs  0m31.0s/1m20.0s

running (0m32.0s), 20/20 VUs, 2897 complete and 0 interrupted iterations
S3     [  40% ] 20/20 VUs  0m32.0s/1m20.0s

running (0m33.0s), 20/20 VUs, 2999 complete and 0 interrupted iterations
S3     [  41% ] 20/20 VUs  0m33.0s/1m20.0s

running (0m34.0s), 20/20 VUs, 3110 complete and 0 interrupted iterations
S3     [  42% ] 20/20 VUs  0m34.0s/1m20.0s

running (0m35.0s), 20/20 VUs, 3207 complete and 0 interrupted iterations
S3     [  44% ] 20/20 VUs  0m35.0s/1m20.0s

running (0m36.0s), 20/20 VUs, 3317 complete and 0 interrupted iterations
S3     [  45% ] 20/20 VUs  0m36.0s/1m20.0s

running (0m37.0s), 20/20 VUs, 3407 complete and 0 interrupted iterations
S3     [  46% ] 20/20 VUs  0m37.0s/1m20.0s

running (0m38.0s), 20/20 VUs, 3516 complete and 0 interrupted iterations
S3     [  47% ] 20/20 VUs  0m38.0s/1m20.0s

running (0m39.0s), 20/20 VUs, 3617 complete and 0 interrupted iterations
S3     [  49% ] 20/20 VUs  0m39.0s/1m20.0s

running (0m40.0s), 20/20 VUs, 3713 complete and 0 interrupted iterations
S3     [  50% ] 20/20 VUs  0m40.0s/1m20.0s

running (0m41.0s), 20/20 VUs, 3811 complete and 0 interrupted iterations
S3     [  51% ] 20/20 VUs  0m41.0s/1m20.0s

running (0m42.0s), 20/20 VUs, 3913 complete and 0 interrupted iterations
S3     [  52% ] 20/20 VUs  0m42.0s/1m20.0s

running (0m43.0s), 20/20 VUs, 4026 complete and 0 interrupted iterations
S3     [  54% ] 20/20 VUs  0m43.0s/1m20.0s

running (0m44.0s), 20/20 VUs, 4126 complete and 0 interrupted iterations
S3     [  55% ] 20/20 VUs  0m44.0s/1m20.0s

running (0m45.0s), 20/20 VUs, 4234 complete and 0 interrupted iterations
S3     [  56% ] 20/20 VUs  0m45.0s/1m20.0s

running (0m46.0s), 20/20 VUs, 4355 complete and 0 interrupted iterations
S3     [  57% ] 20/20 VUs  0m46.0s/1m20.0s

running (0m47.0s), 20/20 VUs, 4476 complete and 0 interrupted iterations
S3     [  59% ] 20/20 VUs  0m47.0s/1m20.0s

running (0m48.0s), 20/20 VUs, 4590 complete and 0 interrupted iterations
S3     [  60% ] 20/20 VUs  0m48.0s/1m20.0s

running (0m49.0s), 20/20 VUs, 4689 complete and 0 interrupted iterations
S3     [  61% ] 20/20 VUs  0m49.0s/1m20.0s

running (0m50.0s), 20/20 VUs, 4797 complete and 0 interrupted iterations
S3     [  62% ] 20/20 VUs  0m50.0s/1m20.0s

running (0m51.0s), 20/20 VUs, 4907 complete and 0 interrupted iterations
S3     [  64% ] 20/20 VUs  0m51.0s/1m20.0s

running (0m52.0s), 20/20 VUs, 5012 complete and 0 interrupted iterations
S3     [  65% ] 20/20 VUs  0m52.0s/1m20.0s

running (0m53.0s), 20/20 VUs, 5124 complete and 0 interrupted iterations
S3     [  66% ] 20/20 VUs  0m53.0s/1m20.0s

running (0m54.0s), 20/20 VUs, 5234 complete and 0 interrupted iterations
S3     [  67% ] 20/20 VUs  0m54.0s/1m20.0s

running (0m55.0s), 20/20 VUs, 5346 complete and 0 interrupted iterations
S3     [  69% ] 20/20 VUs  0m55.0s/1m20.0s

running (0m56.0s), 20/20 VUs, 5445 complete and 0 interrupted iterations
S3     [  70% ] 20/20 VUs  0m56.0s/1m20.0s

running (0m57.0s), 20/20 VUs, 5538 complete and 0 interrupted iterations
S3     [  71% ] 20/20 VUs  0m57.0s/1m20.0s

running (0m58.0s), 20/20 VUs, 5645 complete and 0 interrupted iterations
S3     [  72% ] 20/20 VUs  0m58.0s/1m20.0s

running (0m59.0s), 20/20 VUs, 5753 complete and 0 interrupted iterations
S3     [  74% ] 20/20 VUs  0m59.0s/1m20.0s

running (1m00.0s), 20/20 VUs, 5855 complete and 0 interrupted iterations
S3     [  75% ] 20/20 VUs  1m00.0s/1m20.0s

running (1m01.0s), 20/20 VUs, 5968 complete and 0 interrupted iterations
S3     [  76% ] 20/20 VUs  1m01.0s/1m20.0s

running (1m02.0s), 20/20 VUs, 6074 complete and 0 interrupted iterations
S3     [  77% ] 20/20 VUs  1m02.0s/1m20.0s

running (1m03.0s), 20/20 VUs, 6174 complete and 0 interrupted iterations
S3     [  79% ] 20/20 VUs  1m03.0s/1m20.0s

running (1m04.0s), 20/20 VUs, 6271 complete and 0 interrupted iterations
S3     [  80% ] 20/20 VUs  1m04.0s/1m20.0s

running (1m05.0s), 20/20 VUs, 6378 complete and 0 interrupted iterations
S3     [  81% ] 20/20 VUs  1m05.0s/1m20.0s

running (1m06.0s), 20/20 VUs, 6499 complete and 0 interrupted iterations
S3     [  82% ] 20/20 VUs  1m06.0s/1m20.0s

running (1m07.0s), 20/20 VUs, 6616 complete and 0 interrupted iterations
S3     [  84% ] 20/20 VUs  1m07.0s/1m20.0s

running (1m08.0s), 20/20 VUs, 6727 complete and 0 interrupted iterations
S3     [  85% ] 20/20 VUs  1m08.0s/1m20.0s

running (1m09.0s), 20/20 VUs, 6810 complete and 0 interrupted iterations
S3     [  86% ] 20/20 VUs  1m09.0s/1m20.0s

running (1m10.0s), 20/20 VUs, 6916 complete and 0 interrupted iterations
S3     [  87% ] 20/20 VUs  1m10.0s/1m20.0s

running (1m11.0s), 19/20 VUs, 7034 complete and 0 interrupted iterations
S3     [  89% ] 19/20 VUs  1m11.0s/1m20.0s

running (1m12.0s), 17/20 VUs, 7136 complete and 0 interrupted iterations
S3     [  90% ] 17/20 VUs  1m12.0s/1m20.0s

running (1m13.0s), 15/20 VUs, 7226 complete and 0 interrupted iterations
S3     [  91% ] 15/20 VUs  1m13.0s/1m20.0s

running (1m14.0s), 13/20 VUs, 7299 complete and 0 interrupted iterations
S3     [  92% ] 13/20 VUs  1m14.0s/1m20.0s

running (1m15.0s), 11/20 VUs, 7372 complete and 0 interrupted iterations
S3     [  94% ] 11/20 VUs  1m15.0s/1m20.0s

running (1m16.0s), 09/20 VUs, 7423 complete and 0 interrupted iterations
S3     [  95% ] 09/20 VUs  1m16.0s/1m20.0s

running (1m17.0s), 07/20 VUs, 7464 complete and 0 interrupted iterations
S3     [  96% ] 07/20 VUs  1m17.0s/1m20.0s

running (1m18.0s), 05/20 VUs, 7494 complete and 0 interrupted iterations
S3     [  97% ] 05/20 VUs  1m18.0s/1m20.0s

running (1m19.0s), 03/20 VUs, 7513 complete and 0 interrupted iterations
S3     [  99% ] 03/20 VUs  1m19.0s/1m20.0s

running (1m20.0s), 01/20 VUs, 7524 complete and 0 interrupted iterations
S3     [ 100% ] 01/20 VUs  1m20.0s/1m20.0s
[k6] http2/S3/rep2 sustained: rps=105.6 p95=375.58ms err=0.00% proto_mismatch=0

running (1m20.1s), 00/20 VUs, 7525 complete and 0 interrupted iterations
S3   ✓ [ 100% ] 00/20 VUs  1m20s
