 Container http-testbed-k6-http3-run-4ed1bddbeae9 Creating 
 Container http-testbed-k6-http3-run-4ed1bddbeae9 Created 

          /\      |‾‾| /‾‾/   /‾‾/   
     /\  /  \     |  |/  /   /  /    
    /  \/    \    |     (   /   ‾‾\  
   /          \   |  |\  \ |  (‾)  | 
  / __________ \  |__| \__\ \_____/ .io

  execution: local
     script: /scripts/script.js
     output: Prometheus remote write (http://prometheus:9090/api/v1/write)

  scenarios: (100.00%) 1 scenario, 20 max VUs, 1m22s max duration (incl. graceful stop):
           * S4: Up to 20 looping VUs for 1m20s over 3 stages (gracefulRampDown: 2s, gracefulStop: 30s)


running (0m01.0s), 02/20 VUs, 0 complete and 0 interrupted iterations
S4     [   1% ] 02/20 VUs  0m01.0s/1m20.0s

running (0m02.0s), 03/20 VUs, 8 complete and 0 interrupted iterations
S4     [   3% ] 03/20 VUs  0m02.0s/1m20.0s

running (0m03.0s), 06/20 VUs, 26 complete and 0 interrupted iterations
S4     [   4% ] 06/20 VUs  0m03.0s/1m20.0s

running (0m04.0s), 07/20 VUs, 47 complete and 0 interrupted iterations
S4     [   5% ] 07/20 VUs  0m04.0s/1m20.0s

running (0m05.0s), 10/20 VUs, 68 complete and 0 interrupted iterations
S4     [   6% ] 10/20 VUs  0m05.0s/1m20.0s

running (0m06.0s), 11/20 VUs, 89 complete and 0 interrupted iterations
S4     [   8% ] 11/20 VUs  0m06.0s/1m20.0s

running (0m07.0s), 14/20 VUs, 109 complete and 0 interrupted iterations
S4     [   9% ] 14/20 VUs  0m07.0s/1m20.0s

running (0m08.0s), 15/20 VUs, 129 complete and 0 interrupted iterations
S4     [  10% ] 15/20 VUs  0m08.0s/1m20.0s

running (0m09.0s), 18/20 VUs, 150 complete and 0 interrupted iterations
S4     [  11% ] 18/20 VUs  0m09.0s/1m20.0s

running (0m10.0s), 19/20 VUs, 170 complete and 0 interrupted iterations
S4     [  13% ] 19/20 VUs  0m10.0s/1m20.0s

running (0m11.0s), 20/20 VUs, 191 complete and 0 interrupted iterations
S4     [  14% ] 20/20 VUs  0m11.0s/1m20.0s

running (0m12.0s), 20/20 VUs, 211 complete and 0 interrupted iterations
S4     [  15% ] 20/20 VUs  0m12.0s/1m20.0s

running (0m13.0s), 20/20 VUs, 233 complete and 0 interrupted iterations
S4     [  16% ] 20/20 VUs  0m13.0s/1m20.0s

running (0m14.0s), 20/20 VUs, 255 complete and 0 interrupted iterations
S4     [  18% ] 20/20 VUs  0m14.0s/1m20.0s

running (0m15.0s), 20/20 VUs, 277 complete and 0 interrupted iterations
S4     [  19% ] 20/20 VUs  0m15.0s/1m20.0s

running (0m16.0s), 20/20 VUs, 297 complete and 0 interrupted iterations
S4     [  20% ] 20/20 VUs  0m16.0s/1m20.0s

running (0m17.0s), 20/20 VUs, 320 complete and 0 interrupted iterations
S4     [  21% ] 20/20 VUs  0m17.0s/1m20.0s

running (0m18.0s), 20/20 VUs, 341 complete and 0 interrupted iterations
S4     [  23% ] 20/20 VUs  0m18.0s/1m20.0s

running (0m19.0s), 20/20 VUs, 363 complete and 0 interrupted iterations
S4     [  24% ] 20/20 VUs  0m19.0s/1m20.0s

running (0m20.0s), 20/20 VUs, 385 complete and 0 interrupted iterations
S4     [  25% ] 20/20 VUs  0m20.0s/1m20.0s

running (0m21.0s), 20/20 VUs, 406 complete and 0 interrupted iterations
S4     [  26% ] 20/20 VUs  0m21.0s/1m20.0s

running (0m22.0s), 20/20 VUs, 429 complete and 0 interrupted iterations
S4     [  28% ] 20/20 VUs  0m22.0s/1m20.0s

running (0m23.0s), 20/20 VUs, 450 complete and 0 interrupted iterations
S4     [  29% ] 20/20 VUs  0m23.0s/1m20.0s

running (0m24.0s), 20/20 VUs, 473 complete and 0 interrupted iterations
S4     [  30% ] 20/20 VUs  0m24.0s/1m20.0s

running (0m25.0s), 20/20 VUs, 493 complete and 0 interrupted iterations
S4     [  31% ] 20/20 VUs  0m25.0s/1m20.0s

running (0m26.0s), 20/20 VUs, 516 complete and 0 interrupted iterations
S4     [  33% ] 20/20 VUs  0m26.0s/1m20.0s

running (0m27.0s), 20/20 VUs, 538 complete and 0 interrupted iterations
S4     [  34% ] 20/20 VUs  0m27.0s/1m20.0s

running (0m28.0s), 20/20 VUs, 560 complete and 0 interrupted iterations
S4     [  35% ] 20/20 VUs  0m28.0s/1m20.0s

running (0m29.0s), 20/20 VUs, 582 complete and 0 interrupted iterations
S4     [  36% ] 20/20 VUs  0m29.0s/1m20.0s

running (0m30.0s), 20/20 VUs, 604 complete and 0 interrupted iterations
S4     [  38% ] 20/20 VUs  0m30.0s/1m20.0s

running (0m31.0s), 20/20 VUs, 626 complete and 0 interrupted iterations
S4     [  39% ] 20/20 VUs  0m31.0s/1m20.0s

running (0m32.0s), 20/20 VUs, 648 complete and 0 interrupted iterations
S4     [  40% ] 20/20 VUs  0m32.0s/1m20.0s

running (0m33.0s), 20/20 VUs, 671 complete and 0 interrupted iterations
S4     [  41% ] 20/20 VUs  0m33.0s/1m20.0s

running (0m34.0s), 20/20 VUs, 693 complete and 0 interrupted iterations
S4     [  43% ] 20/20 VUs  0m34.0s/1m20.0s

running (0m35.0s), 20/20 VUs, 716 complete and 0 interrupted iterations
S4     [  44% ] 20/20 VUs  0m35.0s/1m20.0s

running (0m36.0s), 20/20 VUs, 736 complete and 0 interrupted iterations
S4     [  45% ] 20/20 VUs  0m36.0s/1m20.0s

running (0m37.0s), 20/20 VUs, 759 complete and 0 interrupted iterations
S4     [  46% ] 20/20 VUs  0m37.0s/1m20.0s

running (0m38.0s), 20/20 VUs, 783 complete and 0 interrupted iterations
S4     [  48% ] 20/20 VUs  0m38.0s/1m20.0s

running (0m39.0s), 20/20 VUs, 805 complete and 0 interrupted iterations
S4     [  49% ] 20/20 VUs  0m39.0s/1m20.0s

running (0m40.0s), 20/20 VUs, 827 complete and 0 interrupted iterations
S4     [  50% ] 20/20 VUs  0m40.0s/1m20.0s

running (0m41.0s), 20/20 VUs, 849 complete and 0 interrupted iterations
S4     [  51% ] 20/20 VUs  0m41.0s/1m20.0s

running (0m42.0s), 20/20 VUs, 871 complete and 0 interrupted iterations
S4     [  53% ] 20/20 VUs  0m42.0s/1m20.0s

running (0m43.0s), 20/20 VUs, 893 complete and 0 interrupted iterations
S4     [  54% ] 20/20 VUs  0m43.0s/1m20.0s

running (0m44.0s), 20/20 VUs, 916 complete and 0 interrupted iterations
S4     [  55% ] 20/20 VUs  0m44.0s/1m20.0s

running (0m45.0s), 20/20 VUs, 939 complete and 0 interrupted iterations
S4     [  56% ] 20/20 VUs  0m45.0s/1m20.0s

running (0m46.0s), 20/20 VUs, 960 complete and 0 interrupted iterations
S4     [  58% ] 20/20 VUs  0m46.0s/1m20.0s

running (0m47.0s), 20/20 VUs, 983 complete and 0 interrupted iterations
S4     [  59% ] 20/20 VUs  0m47.0s/1m20.0s

running (0m48.0s), 20/20 VUs, 1005 complete and 0 interrupted iterations
S4     [  60% ] 20/20 VUs  0m48.0s/1m20.0s

running (0m49.0s), 20/20 VUs, 1027 complete and 0 interrupted iterations
S4     [  61% ] 20/20 VUs  0m49.0s/1m20.0s

running (0m50.0s), 20/20 VUs, 1050 complete and 0 interrupted iterations
S4     [  63% ] 20/20 VUs  0m50.0s/1m20.0s

running (0m51.0s), 20/20 VUs, 1072 complete and 0 interrupted iterations
S4     [  64% ] 20/20 VUs  0m51.0s/1m20.0s

running (0m52.0s), 20/20 VUs, 1095 complete and 0 interrupted iterations
S4     [  65% ] 20/20 VUs  0m52.0s/1m20.0s

running (0m53.0s), 20/20 VUs, 1116 complete and 0 interrupted iterations
S4     [  66% ] 20/20 VUs  0m53.0s/1m20.0s

running (0m54.0s), 20/20 VUs, 1139 complete and 0 interrupted iterations
S4     [  68% ] 20/20 VUs  0m54.0s/1m20.0s

running (0m55.0s), 20/20 VUs, 1161 complete and 0 interrupted iterations
S4     [  69% ] 20/20 VUs  0m55.0s/1m20.0s

running (0m56.0s), 20/20 VUs, 1183 complete and 0 interrupted iterations
S4     [  70% ] 20/20 VUs  0m56.0s/1m20.0s

running (0m57.0s), 20/20 VUs, 1206 complete and 0 interrupted iterations
S4     [  71% ] 20/20 VUs  0m57.0s/1m20.0s

running (0m58.0s), 20/20 VUs, 1228 complete and 0 interrupted iterations
S4     [  73% ] 20/20 VUs  0m58.0s/1m20.0s

running (0m59.0s), 20/20 VUs, 1250 complete and 0 interrupted iterations
S4     [  74% ] 20/20 VUs  0m59.0s/1m20.0s

running (1m00.0s), 20/20 VUs, 1273 complete and 0 interrupted iterations
S4     [  75% ] 20/20 VUs  1m00.0s/1m20.0s

running (1m01.0s), 20/20 VUs, 1295 complete and 0 interrupted iterations
S4     [  76% ] 20/20 VUs  1m01.0s/1m20.0s

running (1m02.0s), 20/20 VUs, 1316 complete and 0 interrupted iterations
S4     [  78% ] 20/20 VUs  1m02.0s/1m20.0s

running (1m03.0s), 20/20 VUs, 1337 complete and 0 interrupted iterations
S4     [  79% ] 20/20 VUs  1m03.0s/1m20.0s

running (1m04.0s), 20/20 VUs, 1361 complete and 0 interrupted iterations
S4     [  80% ] 20/20 VUs  1m04.0s/1m20.0s

running (1m05.0s), 20/20 VUs, 1384 complete and 0 interrupted iterations
S4     [  81% ] 20/20 VUs  1m05.0s/1m20.0s

running (1m06.0s), 20/20 VUs, 1406 complete and 0 interrupted iterations
S4     [  83% ] 20/20 VUs  1m06.0s/1m20.0s

running (1m07.0s), 20/20 VUs, 1429 complete and 0 interrupted iterations
S4     [  84% ] 20/20 VUs  1m07.0s/1m20.0s

running (1m08.0s), 20/20 VUs, 1450 complete and 0 interrupted iterations
S4     [  85% ] 20/20 VUs  1m08.0s/1m20.0s

running (1m09.0s), 20/20 VUs, 1473 complete and 0 interrupted iterations
S4     [  86% ] 20/20 VUs  1m09.0s/1m20.0s

running (1m10.0s), 20/20 VUs, 1495 complete and 0 interrupted iterations
S4     [  88% ] 20/20 VUs  1m10.0s/1m20.0s

running (1m11.0s), 19/20 VUs, 1518 complete and 0 interrupted iterations
S4     [  89% ] 19/20 VUs  1m11.0s/1m20.0s

running (1m12.0s), 18/20 VUs, 1540 complete and 0 interrupted iterations
S4     [  90% ] 18/20 VUs  1m12.0s/1m20.0s

running (1m13.0s), 15/20 VUs, 1562 complete and 0 interrupted iterations
S4     [  91% ] 15/20 VUs  1m13.0s/1m20.0s

running (1m14.0s), 13/20 VUs, 1585 complete and 0 interrupted iterations
S4     [  93% ] 13/20 VUs  1m14.0s/1m20.0s

running (1m15.0s), 11/20 VUs, 1607 complete and 0 interrupted iterations
S4     [  94% ] 11/20 VUs  1m15.0s/1m20.0s

running (1m16.0s), 09/20 VUs, 1629 complete and 0 interrupted iterations
S4     [  95% ] 09/20 VUs  1m16.0s/1m20.0s

running (1m17.0s), 07/20 VUs, 1650 complete and 0 interrupted iterations
S4     [  96% ] 07/20 VUs  1m17.0s/1m20.0s

running (1m18.0s), 05/20 VUs, 1674 complete and 0 interrupted iterations
S4     [  98% ] 05/20 VUs  1m18.0s/1m20.0s

running (1m19.0s), 03/20 VUs, 1692 complete and 0 interrupted iterations
S4     [  99% ] 03/20 VUs  1m19.0s/1m20.0s

running (1m20.0s), 01/20 VUs, 1701 complete and 0 interrupted iterations
S4     [ 100% ] 01/20 VUs  1m20s
[k6] http3/S4/rep5 sustained: rps=22.1 p95=928.75ms err=0.00% proto_mismatch=0

running (1m20.1s), 00/20 VUs, 1702 complete and 0 interrupted iterations
S4   ✓ [ 100% ] 00/20 VUs  1m20s
