 Container http-testbed-k6-run-4ed02a0e58c0 Creating 
 Container http-testbed-k6-run-4ed02a0e58c0 Created 

         /\      Grafana   /‾‾/  
    /\  /  \     |\  __   /  /   
   /  \/    \    | |/ /  /   ‾‾\ 
  /          \   |   (  |  (‾)  |
 / __________ \  |_|\_\  \_____/ 


     execution: local
        script: /scripts/script.js
        output: Prometheus remote write (http://prometheus:9090/api/v1/write)

     scenarios: (100.00%) 1 scenario, 20 max VUs, 1m22s max duration (incl. graceful stop):
              * S4: Up to 20 looping VUs for 1m20s over 3 stages (gracefulRampDown: 2s, gracefulStop: 30s)


running (0m01.0s), 01/20 VUs, 0 complete and 0 interrupted iterations
S4     [   1% ] 01/20 VUs  0m01.0s/1m20.0s

running (0m02.0s), 03/20 VUs, 8 complete and 0 interrupted iterations
S4     [   2% ] 03/20 VUs  0m02.0s/1m20.0s

running (0m03.0s), 05/20 VUs, 25 complete and 0 interrupted iterations
S4     [   4% ] 05/20 VUs  0m03.0s/1m20.0s

running (0m04.0s), 07/20 VUs, 48 complete and 0 interrupted iterations
S4     [   5% ] 07/20 VUs  0m04.0s/1m20.0s

running (0m05.0s), 09/20 VUs, 70 complete and 0 interrupted iterations
S4     [   6% ] 09/20 VUs  0m05.0s/1m20.0s

running (0m06.0s), 11/20 VUs, 92 complete and 0 interrupted iterations
S4     [   7% ] 11/20 VUs  0m06.0s/1m20.0s

running (0m07.0s), 13/20 VUs, 114 complete and 0 interrupted iterations
S4     [   9% ] 13/20 VUs  0m07.0s/1m20.0s

running (0m08.0s), 15/20 VUs, 136 complete and 0 interrupted iterations
S4     [  10% ] 15/20 VUs  0m08.0s/1m20.0s

running (0m09.0s), 17/20 VUs, 158 complete and 0 interrupted iterations
S4     [  11% ] 17/20 VUs  0m09.0s/1m20.0s

running (0m10.0s), 19/20 VUs, 181 complete and 0 interrupted iterations
S4     [  12% ] 19/20 VUs  0m10.0s/1m20.0s

running (0m11.0s), 20/20 VUs, 203 complete and 0 interrupted iterations
S4     [  14% ] 20/20 VUs  0m11.0s/1m20.0s

running (0m12.0s), 20/20 VUs, 224 complete and 0 interrupted iterations
S4     [  15% ] 20/20 VUs  0m12.0s/1m20.0s

running (0m13.0s), 20/20 VUs, 247 complete and 0 interrupted iterations
S4     [  16% ] 20/20 VUs  0m13.0s/1m20.0s

running (0m14.0s), 20/20 VUs, 270 complete and 0 interrupted iterations
S4     [  17% ] 20/20 VUs  0m14.0s/1m20.0s

running (0m15.0s), 20/20 VUs, 292 complete and 0 interrupted iterations
S4     [  19% ] 20/20 VUs  0m15.0s/1m20.0s

running (0m16.0s), 20/20 VUs, 315 complete and 0 interrupted iterations
S4     [  20% ] 20/20 VUs  0m16.0s/1m20.0s

running (0m17.0s), 20/20 VUs, 338 complete and 0 interrupted iterations
S4     [  21% ] 20/20 VUs  0m17.0s/1m20.0s

running (0m18.0s), 20/20 VUs, 361 complete and 0 interrupted iterations
S4     [  22% ] 20/20 VUs  0m18.0s/1m20.0s

running (0m19.0s), 20/20 VUs, 383 complete and 0 interrupted iterations
S4     [  24% ] 20/20 VUs  0m19.0s/1m20.0s

running (0m20.0s), 20/20 VUs, 407 complete and 0 interrupted iterations
S4     [  25% ] 20/20 VUs  0m20.0s/1m20.0s

running (0m21.0s), 20/20 VUs, 429 complete and 0 interrupted iterations
S4     [  26% ] 20/20 VUs  0m21.0s/1m20.0s

running (0m22.0s), 20/20 VUs, 451 complete and 0 interrupted iterations
S4     [  27% ] 20/20 VUs  0m22.0s/1m20.0s

running (0m23.0s), 20/20 VUs, 474 complete and 0 interrupted iterations
S4     [  29% ] 20/20 VUs  0m23.0s/1m20.0s

running (0m24.0s), 20/20 VUs, 496 complete and 0 interrupted iterations
S4     [  30% ] 20/20 VUs  0m24.0s/1m20.0s

running (0m25.0s), 20/20 VUs, 518 complete and 0 interrupted iterations
S4     [  31% ] 20/20 VUs  0m25.0s/1m20.0s

running (0m26.0s), 20/20 VUs, 542 complete and 0 interrupted iterations
S4     [  32% ] 20/20 VUs  0m26.0s/1m20.0s

running (0m27.0s), 20/20 VUs, 565 complete and 0 interrupted iterations
S4     [  34% ] 20/20 VUs  0m27.0s/1m20.0s

running (0m28.0s), 20/20 VUs, 588 complete and 0 interrupted iterations
S4     [  35% ] 20/20 VUs  0m28.0s/1m20.0s

running (0m29.0s), 20/20 VUs, 611 complete and 0 interrupted iterations
S4     [  36% ] 20/20 VUs  0m29.0s/1m20.0s

running (0m30.0s), 20/20 VUs, 633 complete and 0 interrupted iterations
S4     [  37% ] 20/20 VUs  0m30.0s/1m20.0s

running (0m31.0s), 20/20 VUs, 656 complete and 0 interrupted iterations
S4     [  39% ] 20/20 VUs  0m31.0s/1m20.0s

running (0m32.0s), 20/20 VUs, 679 complete and 0 interrupted iterations
S4     [  40% ] 20/20 VUs  0m32.0s/1m20.0s

running (0m33.0s), 20/20 VUs, 702 complete and 0 interrupted iterations
S4     [  41% ] 20/20 VUs  0m33.0s/1m20.0s

running (0m34.0s), 20/20 VUs, 725 complete and 0 interrupted iterations
S4     [  42% ] 20/20 VUs  0m34.0s/1m20.0s

running (0m35.0s), 20/20 VUs, 747 complete and 0 interrupted iterations
S4     [  44% ] 20/20 VUs  0m35.0s/1m20.0s

running (0m36.0s), 20/20 VUs, 769 complete and 0 interrupted iterations
S4     [  45% ] 20/20 VUs  0m36.0s/1m20.0s

running (0m37.0s), 20/20 VUs, 792 complete and 0 interrupted iterations
S4     [  46% ] 20/20 VUs  0m37.0s/1m20.0s

running (0m38.0s), 20/20 VUs, 816 complete and 0 interrupted iterations
S4     [  47% ] 20/20 VUs  0m38.0s/1m20.0s

running (0m39.0s), 20/20 VUs, 838 complete and 0 interrupted iterations
S4     [  49% ] 20/20 VUs  0m39.0s/1m20.0s

running (0m40.0s), 20/20 VUs, 861 complete and 0 interrupted iterations
S4     [  50% ] 20/20 VUs  0m40.0s/1m20.0s

running (0m41.0s), 20/20 VUs, 884 complete and 0 interrupted iterations
S4     [  51% ] 20/20 VUs  0m41.0s/1m20.0s

running (0m42.0s), 20/20 VUs, 906 complete and 0 interrupted iterations
S4     [  52% ] 20/20 VUs  0m42.0s/1m20.0s

running (0m43.0s), 20/20 VUs, 930 complete and 0 interrupted iterations
S4     [  54% ] 20/20 VUs  0m43.0s/1m20.0s

running (0m44.0s), 20/20 VUs, 952 complete and 0 interrupted iterations
S4     [  55% ] 20/20 VUs  0m44.0s/1m20.0s

running (0m45.0s), 20/20 VUs, 975 complete and 0 interrupted iterations
S4     [  56% ] 20/20 VUs  0m45.0s/1m20.0s

running (0m46.0s), 20/20 VUs, 998 complete and 0 interrupted iterations
S4     [  57% ] 20/20 VUs  0m46.0s/1m20.0s

running (0m47.0s), 20/20 VUs, 1021 complete and 0 interrupted iterations
S4     [  59% ] 20/20 VUs  0m47.0s/1m20.0s

running (0m48.0s), 20/20 VUs, 1042 complete and 0 interrupted iterations
S4     [  60% ] 20/20 VUs  0m48.0s/1m20.0s

running (0m49.0s), 20/20 VUs, 1065 complete and 0 interrupted iterations
S4     [  61% ] 20/20 VUs  0m49.0s/1m20.0s

running (0m50.0s), 20/20 VUs, 1089 complete and 0 interrupted iterations
S4     [  62% ] 20/20 VUs  0m50.0s/1m20.0s

running (0m51.0s), 20/20 VUs, 1108 complete and 0 interrupted iterations
S4     [  64% ] 20/20 VUs  0m51.0s/1m20.0s

running (0m52.0s), 20/20 VUs, 1132 complete and 0 interrupted iterations
S4     [  65% ] 20/20 VUs  0m52.0s/1m20.0s

running (0m53.0s), 20/20 VUs, 1156 complete and 0 interrupted iterations
S4     [  66% ] 20/20 VUs  0m53.0s/1m20.0s

running (0m54.0s), 20/20 VUs, 1178 complete and 0 interrupted iterations
S4     [  67% ] 20/20 VUs  0m54.0s/1m20.0s

running (0m55.0s), 20/20 VUs, 1202 complete and 0 interrupted iterations
S4     [  69% ] 20/20 VUs  0m55.0s/1m20.0s

running (0m56.0s), 20/20 VUs, 1224 complete and 0 interrupted iterations
S4     [  70% ] 20/20 VUs  0m56.0s/1m20.0s

running (0m57.0s), 20/20 VUs, 1248 complete and 0 interrupted iterations
S4     [  71% ] 20/20 VUs  0m57.0s/1m20.0s

running (0m58.0s), 20/20 VUs, 1268 complete and 0 interrupted iterations
S4     [  72% ] 20/20 VUs  0m58.0s/1m20.0s

running (0m59.0s), 20/20 VUs, 1293 complete and 0 interrupted iterations
S4     [  74% ] 20/20 VUs  0m59.0s/1m20.0s

running (1m00.0s), 20/20 VUs, 1315 complete and 0 interrupted iterations
S4     [  75% ] 20/20 VUs  1m00.0s/1m20.0s

running (1m01.0s), 20/20 VUs, 1337 complete and 0 interrupted iterations
S4     [  76% ] 20/20 VUs  1m01.0s/1m20.0s

running (1m02.0s), 20/20 VUs, 1362 complete and 0 interrupted iterations
S4     [  77% ] 20/20 VUs  1m02.0s/1m20.0s

running (1m03.0s), 20/20 VUs, 1383 complete and 0 interrupted iterations
S4     [  79% ] 20/20 VUs  1m03.0s/1m20.0s

running (1m04.0s), 20/20 VUs, 1405 complete and 0 interrupted iterations
S4     [  80% ] 20/20 VUs  1m04.0s/1m20.0s

running (1m05.0s), 20/20 VUs, 1430 complete and 0 interrupted iterations
S4     [  81% ] 20/20 VUs  1m05.0s/1m20.0s

running (1m06.0s), 20/20 VUs, 1453 complete and 0 interrupted iterations
S4     [  82% ] 20/20 VUs  1m06.0s/1m20.0s

running (1m07.0s), 20/20 VUs, 1475 complete and 0 interrupted iterations
S4     [  84% ] 20/20 VUs  1m07.0s/1m20.0s

running (1m08.0s), 20/20 VUs, 1498 complete and 0 interrupted iterations
S4     [  85% ] 20/20 VUs  1m08.0s/1m20.0s

running (1m09.0s), 20/20 VUs, 1521 complete and 0 interrupted iterations
S4     [  86% ] 20/20 VUs  1m09.0s/1m20.0s

running (1m10.0s), 20/20 VUs, 1543 complete and 0 interrupted iterations
S4     [  87% ] 20/20 VUs  1m10.0s/1m20.0s

running (1m11.0s), 20/20 VUs, 1566 complete and 0 interrupted iterations
S4     [  89% ] 20/20 VUs  1m11.0s/1m20.0s

running (1m12.0s), 18/20 VUs, 1588 complete and 0 interrupted iterations
S4     [  90% ] 18/20 VUs  1m12.0s/1m20.0s

running (1m13.0s), 16/20 VUs, 1610 complete and 0 interrupted iterations
S4     [  91% ] 16/20 VUs  1m13.0s/1m20.0s

running (1m14.0s), 14/20 VUs, 1633 complete and 0 interrupted iterations
S4     [  92% ] 14/20 VUs  1m14.0s/1m20.0s

running (1m15.0s), 11/20 VUs, 1655 complete and 0 interrupted iterations
S4     [  94% ] 11/20 VUs  1m15.0s/1m20.0s

running (1m16.0s), 09/20 VUs, 1679 complete and 0 interrupted iterations
S4     [  95% ] 09/20 VUs  1m16.0s/1m20.0s

running (1m17.0s), 07/20 VUs, 1703 complete and 0 interrupted iterations
S4     [  96% ] 07/20 VUs  1m17.0s/1m20.0s

running (1m18.0s), 05/20 VUs, 1723 complete and 0 interrupted iterations
S4     [  97% ] 05/20 VUs  1m18.0s/1m20.0s

running (1m19.0s), 03/20 VUs, 1741 complete and 0 interrupted iterations
S4     [  99% ] 03/20 VUs  1m19.0s/1m20.0s

running (1m20.0s), 01/20 VUs, 1749 complete and 0 interrupted iterations
S4     [ 100% ] 01/20 VUs  1m20.0s/1m20.0s
[k6] http1.1/S4/rep5 sustained: rps=22.7 p95=879.75ms err=0.00% proto_mismatch=0

running (1m20.1s), 00/20 VUs, 1750 complete and 0 interrupted iterations
S4   ✓ [ 100% ] 00/20 VUs  1m20s
