 Container http-testbed-k6-http3-run-56b56e65ed52 Creating 
 Container http-testbed-k6-http3-run-56b56e65ed52 Created 

          /\      |‾‾| /‾‾/   /‾‾/   
     /\  /  \     |  |/  /   /  /    
    /  \/    \    |     (   /   ‾‾\  
   /          \   |  |\  \ |  (‾)  | 
  / __________ \  |__| \__\ \_____/ .io

  execution: local
     script: /scripts/script.js
     output: Prometheus remote write (http://prometheus:9090/api/v1/write)

  scenarios: (100.00%) 1 scenario, 20 max VUs, 1m22s max duration (incl. graceful stop):
           * S3: Up to 20 looping VUs for 1m20s over 3 stages (gracefulRampDown: 2s, gracefulStop: 30s)


running (0m01.0s), 01/20 VUs, 2 complete and 0 interrupted iterations
S3     [   1% ] 01/20 VUs  0m01.0s/1m20.0s

running (0m02.0s), 03/20 VUs, 18 complete and 0 interrupted iterations
S3     [   2% ] 03/20 VUs  0m02.0s/1m20.0s

running (0m03.0s), 05/20 VUs, 49 complete and 0 interrupted iterations
S3     [   4% ] 05/20 VUs  0m03.0s/1m20.0s

running (0m04.0s), 07/20 VUs, 92 complete and 0 interrupted iterations
S3     [   5% ] 07/20 VUs  0m04.0s/1m20.0s

running (0m05.0s), 10/20 VUs, 150 complete and 0 interrupted iterations
S3     [   6% ] 10/20 VUs  0m05.0s/1m20.0s

running (0m06.0s), 11/20 VUs, 229 complete and 0 interrupted iterations
S3     [   7% ] 11/20 VUs  0m06.0s/1m20.0s

running (0m07.0s), 14/20 VUs, 321 complete and 0 interrupted iterations
S3     [   9% ] 14/20 VUs  0m07.0s/1m20.0s

running (0m08.0s), 15/20 VUs, 426 complete and 0 interrupted iterations
S3     [  10% ] 15/20 VUs  0m08.0s/1m20.0s

running (0m09.0s), 18/20 VUs, 541 complete and 0 interrupted iterations
S3     [  11% ] 18/20 VUs  0m09.0s/1m20.0s

running (0m10.0s), 19/20 VUs, 673 complete and 0 interrupted iterations
S3     [  13% ] 19/20 VUs  0m10.0s/1m20.0s

running (0m11.0s), 20/20 VUs, 809 complete and 0 interrupted iterations
S3     [  14% ] 20/20 VUs  0m11.0s/1m20.0s

running (0m12.0s), 20/20 VUs, 944 complete and 0 interrupted iterations
S3     [  15% ] 20/20 VUs  0m12.0s/1m20.0s

running (0m13.0s), 20/20 VUs, 1081 complete and 0 interrupted iterations
S3     [  16% ] 20/20 VUs  0m13.0s/1m20.0s

running (0m14.0s), 20/20 VUs, 1221 complete and 0 interrupted iterations
S3     [  17% ] 20/20 VUs  0m14.0s/1m20.0s

running (0m15.0s), 20/20 VUs, 1356 complete and 0 interrupted iterations
S3     [  19% ] 20/20 VUs  0m15.0s/1m20.0s

running (0m16.0s), 20/20 VUs, 1496 complete and 0 interrupted iterations
S3     [  20% ] 20/20 VUs  0m16.0s/1m20.0s

running (0m17.0s), 20/20 VUs, 1633 complete and 0 interrupted iterations
S3     [  21% ] 20/20 VUs  0m17.0s/1m20.0s

running (0m18.0s), 20/20 VUs, 1773 complete and 0 interrupted iterations
S3     [  23% ] 20/20 VUs  0m18.0s/1m20.0s

running (0m19.0s), 20/20 VUs, 1912 complete and 0 interrupted iterations
S3     [  24% ] 20/20 VUs  0m19.0s/1m20.0s

running (0m20.0s), 20/20 VUs, 2046 complete and 0 interrupted iterations
S3     [  25% ] 20/20 VUs  0m20.0s/1m20.0s

running (0m21.0s), 20/20 VUs, 2183 complete and 0 interrupted iterations
S3     [  26% ] 20/20 VUs  0m21.0s/1m20.0s

running (0m22.0s), 20/20 VUs, 2320 complete and 0 interrupted iterations
S3     [  27% ] 20/20 VUs  0m22.0s/1m20.0s

running (0m23.0s), 20/20 VUs, 2458 complete and 0 interrupted iterations
S3     [  29% ] 20/20 VUs  0m23.0s/1m20.0s

running (0m24.0s), 20/20 VUs, 2594 complete and 0 interrupted iterations
S3     [  30% ] 20/20 VUs  0m24.0s/1m20.0s

running (0m25.0s), 20/20 VUs, 2734 complete and 0 interrupted iterations
S3     [  31% ] 20/20 VUs  0m25.0s/1m20.0s

running (0m26.0s), 20/20 VUs, 2865 complete and 0 interrupted iterations
S3     [  33% ] 20/20 VUs  0m26.0s/1m20.0s

running (0m27.0s), 20/20 VUs, 2998 complete and 0 interrupted iterations
S3     [  34% ] 20/20 VUs  0m27.0s/1m20.0s

running (0m28.0s), 20/20 VUs, 3138 complete and 0 interrupted iterations
S3     [  35% ] 20/20 VUs  0m28.0s/1m20.0s

running (0m29.0s), 20/20 VUs, 3276 complete and 0 interrupted iterations
S3     [  36% ] 20/20 VUs  0m29.0s/1m20.0s

running (0m30.0s), 20/20 VUs, 3415 complete and 0 interrupted iterations
S3     [  37% ] 20/20 VUs  0m30.0s/1m20.0s

running (0m31.0s), 20/20 VUs, 3554 complete and 0 interrupted iterations
S3     [  39% ] 20/20 VUs  0m31.0s/1m20.0s

running (0m32.0s), 20/20 VUs, 3691 complete and 0 interrupted iterations
S3     [  40% ] 20/20 VUs  0m32.0s/1m20.0s

running (0m33.0s), 20/20 VUs, 3822 complete and 0 interrupted iterations
S3     [  41% ] 20/20 VUs  0m33.0s/1m20.0s

running (0m34.0s), 20/20 VUs, 3959 complete and 0 interrupted iterations
S3     [  42% ] 20/20 VUs  0m34.0s/1m20.0s

running (0m35.0s), 20/20 VUs, 4096 complete and 0 interrupted iterations
S3     [  44% ] 20/20 VUs  0m35.0s/1m20.0s

running (0m36.0s), 20/20 VUs, 4234 complete and 0 interrupted iterations
S3     [  45% ] 20/20 VUs  0m36.0s/1m20.0s

running (0m37.0s), 20/20 VUs, 4366 complete and 0 interrupted iterations
S3     [  46% ] 20/20 VUs  0m37.0s/1m20.0s

running (0m38.0s), 20/20 VUs, 4502 complete and 0 interrupted iterations
S3     [  48% ] 20/20 VUs  0m38.0s/1m20.0s

running (0m39.0s), 20/20 VUs, 4635 complete and 0 interrupted iterations
S3     [  49% ] 20/20 VUs  0m39.0s/1m20.0s

running (0m40.0s), 20/20 VUs, 4771 complete and 0 interrupted iterations
S3     [  50% ] 20/20 VUs  0m40.0s/1m20.0s

running (0m41.0s), 20/20 VUs, 4910 complete and 0 interrupted iterations
S3     [  51% ] 20/20 VUs  0m41.0s/1m20.0s

running (0m42.0s), 20/20 VUs, 5046 complete and 0 interrupted iterations
S3     [  52% ] 20/20 VUs  0m42.0s/1m20.0s

running (0m43.0s), 20/20 VUs, 5186 complete and 0 interrupted iterations
S3     [  54% ] 20/20 VUs  0m43.0s/1m20.0s

running (0m44.0s), 20/20 VUs, 5319 complete and 0 interrupted iterations
S3     [  55% ] 20/20 VUs  0m44.0s/1m20.0s

running (0m45.0s), 20/20 VUs, 5456 complete and 0 interrupted iterations
S3     [  56% ] 20/20 VUs  0m45.0s/1m20.0s

running (0m46.0s), 20/20 VUs, 5586 complete and 0 interrupted iterations
S3     [  58% ] 20/20 VUs  0m46.0s/1m20.0s

running (0m47.0s), 20/20 VUs, 5725 complete and 0 interrupted iterations
S3     [  59% ] 20/20 VUs  0m47.0s/1m20.0s

running (0m48.0s), 20/20 VUs, 5858 complete and 0 interrupted iterations
S3     [  60% ] 20/20 VUs  0m48.0s/1m20.0s

running (0m49.0s), 20/20 VUs, 5993 complete and 0 interrupted iterations
S3     [  61% ] 20/20 VUs  0m49.0s/1m20.0s

running (0m50.0s), 20/20 VUs, 6128 complete and 0 interrupted iterations
S3     [  62% ] 20/20 VUs  0m50.0s/1m20.0s

running (0m51.0s), 20/20 VUs, 6264 complete and 0 interrupted iterations
S3     [  64% ] 20/20 VUs  0m51.0s/1m20.0s

running (0m52.0s), 20/20 VUs, 6400 complete and 0 interrupted iterations
S3     [  65% ] 20/20 VUs  0m52.0s/1m20.0s

running (0m53.0s), 20/20 VUs, 6535 complete and 0 interrupted iterations
S3     [  66% ] 20/20 VUs  0m53.0s/1m20.0s

running (0m54.0s), 20/20 VUs, 6668 complete and 0 interrupted iterations
S3     [  68% ] 20/20 VUs  0m54.0s/1m20.0s

running (0m55.0s), 20/20 VUs, 6797 complete and 0 interrupted iterations
S3     [  69% ] 20/20 VUs  0m55.0s/1m20.0s

running (0m56.0s), 20/20 VUs, 6931 complete and 0 interrupted iterations
S3     [  70% ] 20/20 VUs  0m56.0s/1m20.0s

running (0m57.0s), 20/20 VUs, 7067 complete and 0 interrupted iterations
S3     [  71% ] 20/20 VUs  0m57.0s/1m20.0s

running (0m58.0s), 20/20 VUs, 7204 complete and 0 interrupted iterations
S3     [  73% ] 20/20 VUs  0m58.0s/1m20.0s

running (0m59.0s), 20/20 VUs, 7341 complete and 0 interrupted iterations
S3     [  74% ] 20/20 VUs  0m59.0s/1m20.0s

running (1m00.0s), 20/20 VUs, 7478 complete and 0 interrupted iterations
S3     [  75% ] 20/20 VUs  1m00.0s/1m20.0s

running (1m01.0s), 20/20 VUs, 7615 complete and 0 interrupted iterations
S3     [  76% ] 20/20 VUs  1m01.0s/1m20.0s

running (1m02.0s), 20/20 VUs, 7755 complete and 0 interrupted iterations
S3     [  78% ] 20/20 VUs  1m02.0s/1m20.0s

running (1m03.0s), 20/20 VUs, 7888 complete and 0 interrupted iterations
S3     [  79% ] 20/20 VUs  1m03.0s/1m20.0s

running (1m04.0s), 20/20 VUs, 8021 complete and 0 interrupted iterations
S3     [  80% ] 20/20 VUs  1m04.0s/1m20.0s

running (1m05.0s), 20/20 VUs, 8160 complete and 0 interrupted iterations
S3     [  81% ] 20/20 VUs  1m05.0s/1m20.0s

running (1m06.0s), 20/20 VUs, 8294 complete and 0 interrupted iterations
S3     [  83% ] 20/20 VUs  1m06.0s/1m20.0s

running (1m07.0s), 20/20 VUs, 8431 complete and 0 interrupted iterations
S3     [  84% ] 20/20 VUs  1m07.0s/1m20.0s

running (1m08.0s), 20/20 VUs, 8566 complete and 0 interrupted iterations
S3     [  85% ] 20/20 VUs  1m08.0s/1m20.0s

running (1m09.0s), 20/20 VUs, 8696 complete and 0 interrupted iterations
S3     [  86% ] 20/20 VUs  1m09.0s/1m20.0s

running (1m10.0s), 20/20 VUs, 8832 complete and 0 interrupted iterations
S3     [  88% ] 20/20 VUs  1m10.0s/1m20.0s

running (1m11.0s), 19/20 VUs, 8962 complete and 0 interrupted iterations
S3     [  89% ] 19/20 VUs  1m11.0s/1m20.0s

running (1m12.0s), 17/20 VUs, 9088 complete and 0 interrupted iterations
S3     [  90% ] 17/20 VUs  1m12.0s/1m20.0s

running (1m13.0s), 15/20 VUs, 9196 complete and 0 interrupted iterations
S3     [  91% ] 15/20 VUs  1m13.0s/1m20.0s

running (1m14.0s), 13/20 VUs, 9298 complete and 0 interrupted iterations
S3     [  93% ] 13/20 VUs  1m14.0s/1m20.0s

running (1m15.0s), 11/20 VUs, 9383 complete and 0 interrupted iterations
S3     [  94% ] 11/20 VUs  1m15.0s/1m20.0s

running (1m16.0s), 09/20 VUs, 9452 complete and 0 interrupted iterations
S3     [  95% ] 09/20 VUs  1m16.0s/1m20.0s

running (1m17.0s), 07/20 VUs, 9505 complete and 0 interrupted iterations
S3     [  96% ] 07/20 VUs  1m17.0s/1m20.0s

running (1m18.0s), 05/20 VUs, 9544 complete and 0 interrupted iterations
S3     [  98% ] 05/20 VUs  1m18.0s/1m20.0s

running (1m19.0s), 03/20 VUs, 9576 complete and 0 interrupted iterations
S3     [  99% ] 03/20 VUs  1m19.0s/1m20.0s

running (1m20.0s), 01/20 VUs, 9590 complete and 0 interrupted iterations
S3     [ 100% ] 01/20 VUs  1m20.0s/1m20.0s
[k6] http3/S3/rep5 sustained: rps=136.0 p95=264.00ms err=0.00% proto_mismatch=0

running (1m20.0s), 00/20 VUs, 9591 complete and 0 interrupted iterations
S3   ✓ [ 100% ] 00/20 VUs  1m20s
